176.60.52.17 - - [24/Jan/2018:00:00:25 +0300] "GET /trenirovki/kak-sest-na-shpagat-v-domashnix-usloviyax-uprazhneniya/ HTTP/1.0" 200 22084 "https://www.google.by/" "Mozilla/5.0 (iPhone; CPU iPhone OS 11_2_2 like Mac OS X) AppleWebKit/604.4.7 (KHTML, like Gecko) Version/11.0 Mobile/15C202 Safari/604.1"
176.60.52.17 - - [24/Jan/2018:00:00:25 +0300] "GET /wp-content/plugins/wp-postratings/postratings-css.css?ver=1.82 HTTP/1.0" 200 425 "http://some-blog.ru/trenirovki/kak-sest-na-shpagat-v-domashnix-usloviyax-uprazhneniya/" "Mozilla/5.0 (iPhone; CPU iPhone OS 11_2_2 like Mac OS X) AppleWebKit/604.4.7 (KHTML, like Gecko) Version/11.0 Mobile/15C202 Safari/604.1"
176.60.52.17 - - [24/Jan/2018:00:00:25 +0300] "GET /wp-content/themes/sark-press/stylesheet/font-awesome.min.css?ver=20121010 HTTP/1.0" 200 4015 "http://some-blog.ru/trenirovki/kak-sest-na-shpagat-v-domashnix-usloviyax-uprazhneniya/" "Mozilla/5.0 (iPhone; CPU iPhone OS 11_2_2 like Mac OS X) AppleWebKit/604.4.7 (KHTML, like Gecko) Version/11.0 Mobile/15C202 Safari/604.1"
176.60.52.17 - - [24/Jan/2018:00:00:25 +0300] "GET /wp-content/themes/sark-press/stylesheet/fonts.css?ver=20121010 HTTP/1.0" 200 279 "http://some-blog.ru/trenirovki/kak-sest-na-shpagat-v-domashnix-usloviyax-uprazhneniya/" "Mozilla/5.0 (iPhone; CPU iPhone OS 11_2_2 like Mac OS X) AppleWebKit/604.4.7 (KHTML, like Gecko) Version/11.0 Mobile/15C202 Safari/604.1"
176.60.52.17 - - [24/Jan/2018:00:00:25 +0300] "GET /wp-content/themes/sark-press/stylesheet/bootstrap-theme.min.css?ver=20121010 HTTP/1.0" 200 1747 "http://some-blog.ru/trenirovki/kak-sest-na-shpagat-v-domashnix-usloviyax-uprazhneniya/" "Mozilla/5.0 (iPhone; CPU iPhone OS 11_2_2 like Mac OS X) AppleWebKit/604.4.7 (KHTML, like Gecko) Version/11.0 Mobile/15C202 Safari/604.1"
176.60.52.17 - - [24/Jan/2018:00:00:25 +0300] "GET /wp-content/themes/sark-press/stylesheet/bootstrap.css?ver=20121010 HTTP/1.0" 200 19519 "http://some-blog.ru/trenirovki/kak-sest-na-shpagat-v-domashnix-usloviyax-uprazhneniya/" "Mozilla/5.0 (iPhone; CPU iPhone OS 11_2_2 like Mac OS X) AppleWebKit/604.4.7 (KHTML, like Gecko) Version/11.0 Mobile/15C202 Safari/604.1"
176.60.52.17 - - [24/Jan/2018:00:00:25 +0300] "GET /wp-content/themes/sark-press/style.css?ver=20121010 HTTP/1.0" 200 5078 "http://some-blog.ru/trenirovki/kak-sest-na-shpagat-v-domashnix-usloviyax-uprazhneniya/" "Mozilla/5.0 (iPhone; CPU iPhone OS 11_2_2 like Mac OS X) AppleWebKit/604.4.7 (KHTML, like Gecko) Version/11.0 Mobile/15C202 Safari/604.1"
176.60.52.17 - - [24/Jan/2018:00:00:25 +0300] "GET /wp-content/plugins/wp-pagenavi/pagenavi-css.css?ver=2.70 HTTP/1.0" 200 239 "http://some-blog.ru/trenirovki/kak-sest-na-shpagat-v-domashnix-usloviyax-uprazhneniya/" "Mozilla/5.0 (iPhone; CPU iPhone OS 11_2_2 like Mac OS X) AppleWebKit/604.4.7 (KHTML, like Gecko) Version/11.0 Mobile/15C202 Safari/604.1"
176.60.52.17 - - [24/Jan/2018:00:00:25 +0300] "GET /wp-content/plugins/extended-categories-widget/4.2/css/avh-ec.widget.css?ver=3.10.0-dev.1 HTTP/1.0" 200 121 "http://some-blog.ru/trenirovki/kak-sest-na-shpagat-v-domashnix-usloviyax-uprazhneniya/" "Mozilla/5.0 (iPhone; CPU iPhone OS 11_2_2 like Mac OS X) AppleWebKit/604.4.7 (KHTML, like Gecko) Version/11.0 Mobile/15C202 Safari/604.1"
176.60.52.17 - - [24/Jan/2018:00:00:25 +0300] "GET /wp-includes/js/jquery/jquery-migrate.min.js?ver=1.4.1 HTTP/1.0" 200 4014 "http://some-blog.ru/trenirovki/kak-sest-na-shpagat-v-domashnix-usloviyax-uprazhneniya/" "Mozilla/5.0 (iPhone; CPU iPhone OS 11_2_2 like Mac OS X) AppleWebKit/604.4.7 (KHTML, like Gecko) Version/11.0 Mobile/15C202 Safari/604.1"
176.60.52.17 - - [24/Jan/2018:00:00:25 +0300] "GET /wp-includes/js/jquery/jquery.js?ver=1.12.4 HTTP/1.0" 200 33766 "http://some-blog.ru/trenirovki/kak-sest-na-shpagat-v-domashnix-usloviyax-uprazhneniya/" "Mozilla/5.0 (iPhone; CPU iPhone OS 11_2_2 like Mac OS X) AppleWebKit/604.4.7 (KHTML, like Gecko) Version/11.0 Mobile/15C202 Safari/604.1"
176.60.52.17 - - [24/Jan/2018:00:00:25 +0300] "GET /wp-content/plugins/q2w3-fixed-widget/js/q2w3-fixed-widget.min.js?ver=4.0.5 HTTP/1.0" 200 805 "http://some-blog.ru/trenirovki/kak-sest-na-shpagat-v-domashnix-usloviyax-uprazhneniya/" "Mozilla/5.0 (iPhone; CPU iPhone OS 11_2_2 like Mac OS X) AppleWebKit/604.4.7 (KHTML, like Gecko) Version/11.0 Mobile/15C202 Safari/604.1"
176.60.52.17 - - [24/Jan/2018:00:00:25 +0300] "GET /wp-content/themes/sark-press/javascript/bootstrap.min.js HTTP/1.0" 200 7679 "http://some-blog.ru/trenirovki/kak-sest-na-shpagat-v-domashnix-usloviyax-uprazhneniya/" "Mozilla/5.0 (iPhone; CPU iPhone OS 11_2_2 like Mac OS X) AppleWebKit/604.4.7 (KHTML, like Gecko) Version/11.0 Mobile/15C202 Safari/604.1"
176.60.52.17 - - [24/Jan/2018:00:00:25 +0300] "GET /wp-content/themes/sark-press/javascript/sarkpress_script.js HTTP/1.0" 200 137 "http://some-blog.ru/trenirovki/kak-sest-na-shpagat-v-domashnix-usloviyax-uprazhneniya/" "Mozilla/5.0 (iPhone; CPU iPhone OS 11_2_2 like Mac OS X) AppleWebKit/604.4.7 (KHTML, like Gecko) Version/11.0 Mobile/15C202 Safari/604.1"
176.60.52.17 - - [24/Jan/2018:00:00:25 +0300] "GET /wp-content/plugins/wp-postratings/postratings-js.js?ver=1.82 HTTP/1.0" 200 752 "http://some-blog.ru/trenirovki/kak-sest-na-shpagat-v-domashnix-usloviyax-uprazhneniya/" "Mozilla/5.0 (iPhone; CPU iPhone OS 11_2_2 like Mac OS X) AppleWebKit/604.4.7 (KHTML, like Gecko) Version/11.0 Mobile/15C202 Safari/604.1"
176.60.52.17 - - [24/Jan/2018:00:00:25 +0300] "GET /wp-includes/js/comment-reply.min.js?ver=4.6.1 HTTP/1.0" 200 589 "http://some-blog.ru/trenirovki/kak-sest-na-shpagat-v-domashnix-usloviyax-uprazhneniya/" "Mozilla/5.0 (iPhone; CPU iPhone OS 11_2_2 like Mac OS X) AppleWebKit/604.4.7 (KHTML, like Gecko) Version/11.0 Mobile/15C202 Safari/604.1"
176.60.52.17 - - [24/Jan/2018:00:00:25 +0300] "GET /wp-includes/js/wp-embed.min.js?ver=4.6.1 HTTP/1.0" 200 750 "http://some-blog.ru/trenirovki/kak-sest-na-shpagat-v-domashnix-usloviyax-uprazhneniya/" "Mozilla/5.0 (iPhone; CPU iPhone OS 11_2_2 like Mac OS X) AppleWebKit/604.4.7 (KHTML, like Gecko) Version/11.0 Mobile/15C202 Safari/604.1"
176.60.52.17 - - [24/Jan/2018:00:00:25 +0300] "GET /wp-content/plugins/wp-postratings/images/stars/rating_on.gif HTTP/1.0" 200 523 "http://some-blog.ru/trenirovki/kak-sest-na-shpagat-v-domashnix-usloviyax-uprazhneniya/" "Mozilla/5.0 (iPhone; CPU iPhone OS 11_2_2 like Mac OS X) AppleWebKit/604.4.7 (KHTML, like Gecko) Version/11.0 Mobile/15C202 Safari/604.1"
176.60.52.17 - - [24/Jan/2018:00:00:25 +0300] "GET /wp-content/plugins/wp-postratings/images/loading.gif HTTP/1.0" 200 771 "http://some-blog.ru/trenirovki/kak-sest-na-shpagat-v-domashnix-usloviyax-uprazhneniya/" "Mozilla/5.0 (iPhone; CPU iPhone OS 11_2_2 like Mac OS X) AppleWebKit/604.4.7 (KHTML, like Gecko) Version/11.0 Mobile/15C202 Safari/604.1"
176.60.52.17 - - [24/Jan/2018:00:00:25 +0300] "GET /wp-content/plugins/wp-postratings/images/stars/rating_over.gif HTTP/1.0" 200 920 "http://some-blog.ru/trenirovki/kak-sest-na-shpagat-v-domashnix-usloviyax-uprazhneniya/" "Mozilla/5.0 (iPhone; CPU iPhone OS 11_2_2 like Mac OS X) AppleWebKit/604.4.7 (KHTML, like Gecko) Version/11.0 Mobile/15C202 Safari/604.1"
176.60.52.17 - - [24/Jan/2018:00:00:25 +0300] "GET /wp-content/themes/sark-press/fonts/font-awesome/fontawesome-webfont.woff?v=4.0.3 HTTP/1.0" 200 44432 "http://some-blog.ru/trenirovki/kak-sest-na-shpagat-v-domashnix-usloviyax-uprazhneniya/" "Mozilla/5.0 (iPhone; CPU iPhone OS 11_2_2 like Mac OS X) AppleWebKit/604.4.7 (KHTML, like Gecko) Version/11.0 Mobile/15C202 Safari/604.1"
37.57.189.63 - - [24/Jan/2018:00:00:42 +0300] "GET /rastyazhka/kak-vypolnyat-uprazhneniya-na-rastyazhku-effektivnee/ HTTP/1.0" 200 13829 "http://some-blog.ru/rastyazhka/skolko-nuzhno-vremeni-chtoby-sest-na-shpagat/" "Mozilla/5.0 (Linux; Android 5.1.1; C6902 Build/14.6.A.1.236) AppleWebKit/537.36 (KHTML, like Gecko) Chrome/61.0.3163.98 Mobile Safari/537.36"
37.57.189.63 - - [24/Jan/2018:00:00:49 +0300] "GET /trenirovki/pochemu-vazhno-trenirovat-koordinaciyu-dvizhenij/ HTTP/1.0" 200 12230 "http://some-blog.ru/rastyazhka/kak-vypolnyat-uprazhneniya-na-rastyazhku-effektivnee/" "Mozilla/5.0 (Linux; Android 5.1.1; C6902 Build/14.6.A.1.236) AppleWebKit/537.36 (KHTML, like Gecko) Chrome/61.0.3163.98 Mobile Safari/537.36"
37.57.189.63 - - [24/Jan/2018:00:01:00 +0300] "GET /trenirovki/pochemu-vazhno-trenirovat-koordinaciyu-dvizhenij/?cf_action=sync_comments&post_id=394 HTTP/1.0" 200 172 "http://some-blog.ru/trenirovki/pochemu-vazhno-trenirovat-koordinaciyu-dvizhenij/" "Mozilla/5.0 (Linux; Android 5.1.1; C6902 Build/14.6.A.1.236) AppleWebKit/537.36 (KHTML, like Gecko) Chrome/61.0.3163.98 Mobile Safari/537.36"
46.39.32.43 - - [24/Jan/2018:00:01:06 +0300] "GET /rastyazhka/skolko-nuzhno-vremeni-chtoby-sest-na-shpagat/ HTTP/1.0" 200 11749 "https://www.google.ru/" "Mozilla/5.0 (iPhone; CPU iPhone OS 11_2_1 like Mac OS X) AppleWebKit/604.4.7 (KHTML, like Gecko) Version/11.0 Mobile/15C153 Safari/604.1"
216.244.66.197 - - [24/Jan/2018:00:01:09 +0300] "GET /rastyazhka/faq-po-rastyazhke/ HTTP/1.0" 200 39850 "-" "Mozilla/5.0 (compatible; DotBot/1.1; http://www.opensiteexplorer.org/dotbot, help@moz.com)"
46.39.32.43 - - [24/Jan/2018:00:01:08 +0300] "GET /rastyazhka/skolko-nuzhno-vremeni-chtoby-sest-na-shpagat/?cf_action=sync_comments&post_id=591 HTTP/1.0" 200 173 "http://some-blog.ru/rastyazhka/skolko-nuzhno-vremeni-chtoby-sest-na-shpagat/" "Mozilla/5.0 (iPhone; CPU iPhone OS 11_2_1 like Mac OS X) AppleWebKit/604.4.7 (KHTML, like Gecko) Version/11.0 Mobile/15C153 Safari/604.1"
193.105.7.171 - - [24/Jan/2018:00:01:09 +0300] "GET /trenirovki/kak-sest-na-shpagat-v-domashnix-usloviyax-uprazhneniya/ HTTP/1.0" 200 22084 "https://www.google.com.ua/" "Mozilla/5.0 (Linux; Android 6.0.1; Redmi Note 3 Build/MMB29M) AppleWebKit/537.36 (KHTML, like Gecko) Chrome/57.0.2987.132 Mobile Safari/537.36"
193.105.7.171 - - [24/Jan/2018:00:01:10 +0300] "GET /wp-content/themes/sark-press/stylesheet/fonts.css?ver=20121010 HTTP/1.0" 200 279 "http://some-blog.ru/trenirovki/kak-sest-na-shpagat-v-domashnix-usloviyax-uprazhneniya/" "Mozilla/5.0 (Linux; Android 6.0.1; Redmi Note 3 Build/MMB29M) AppleWebKit/537.36 (KHTML, like Gecko) Chrome/57.0.2987.132 Mobile Safari/537.36"
193.105.7.171 - - [24/Jan/2018:00:01:10 +0300] "GET /wp-content/themes/sark-press/stylesheet/bootstrap-theme.min.css?ver=20121010 HTTP/1.0" 200 1747 "http://some-blog.ru/trenirovki/kak-sest-na-shpagat-v-domashnix-usloviyax-uprazhneniya/" "Mozilla/5.0 (Linux; Android 6.0.1; Redmi Note 3 Build/MMB29M) AppleWebKit/537.36 (KHTML, like Gecko) Chrome/57.0.2987.132 Mobile Safari/537.36"
193.105.7.171 - - [24/Jan/2018:00:01:10 +0300] "GET /wp-content/themes/sark-press/stylesheet/bootstrap.css?ver=20121010 HTTP/1.0" 200 19519 "http://some-blog.ru/trenirovki/kak-sest-na-shpagat-v-domashnix-usloviyax-uprazhneniya/" "Mozilla/5.0 (Linux; Android 6.0.1; Redmi Note 3 Build/MMB29M) AppleWebKit/537.36 (KHTML, like Gecko) Chrome/57.0.2987.132 Mobile Safari/537.36"
193.105.7.171 - - [24/Jan/2018:00:01:10 +0300] "GET /wp-content/themes/sark-press/stylesheet/font-awesome.min.css?ver=20121010 HTTP/1.0" 200 4015 "http://some-blog.ru/trenirovki/kak-sest-na-shpagat-v-domashnix-usloviyax-uprazhneniya/" "Mozilla/5.0 (Linux; Android 6.0.1; Redmi Note 3 Build/MMB29M) AppleWebKit/537.36 (KHTML, like Gecko) Chrome/57.0.2987.132 Mobile Safari/537.36"
193.105.7.171 - - [24/Jan/2018:00:01:10 +0300] "GET /wp-content/plugins/wp-postratings/postratings-css.css?ver=1.82 HTTP/1.0" 200 425 "http://some-blog.ru/trenirovki/kak-sest-na-shpagat-v-domashnix-usloviyax-uprazhneniya/" "Mozilla/5.0 (Linux; Android 6.0.1; Redmi Note 3 Build/MMB29M) AppleWebKit/537.36 (KHTML, like Gecko) Chrome/57.0.2987.132 Mobile Safari/537.36"
193.105.7.171 - - [24/Jan/2018:00:01:10 +0300] "GET /wp-content/themes/sark-press/style.css?ver=20121010 HTTP/1.0" 200 5078 "http://some-blog.ru/trenirovki/kak-sest-na-shpagat-v-domashnix-usloviyax-uprazhneniya/" "Mozilla/5.0 (Linux; Android 6.0.1; Redmi Note 3 Build/MMB29M) AppleWebKit/537.36 (KHTML, like Gecko) Chrome/57.0.2987.132 Mobile Safari/537.36"
193.105.7.171 - - [24/Jan/2018:00:01:10 +0300] "GET /wp-content/plugins/wp-pagenavi/pagenavi-css.css?ver=2.70 HTTP/1.0" 200 239 "http://some-blog.ru/trenirovki/kak-sest-na-shpagat-v-domashnix-usloviyax-uprazhneniya/" "Mozilla/5.0 (Linux; Android 6.0.1; Redmi Note 3 Build/MMB29M) AppleWebKit/537.36 (KHTML, like Gecko) Chrome/57.0.2987.132 Mobile Safari/537.36"
193.105.7.171 - - [24/Jan/2018:00:01:10 +0300] "GET /wp-content/plugins/extended-categories-widget/4.2/css/avh-ec.widget.css?ver=3.10.0-dev.1 HTTP/1.0" 200 121 "http://some-blog.ru/trenirovki/kak-sest-na-shpagat-v-domashnix-usloviyax-uprazhneniya/" "Mozilla/5.0 (Linux; Android 6.0.1; Redmi Note 3 Build/MMB29M) AppleWebKit/537.36 (KHTML, like Gecko) Chrome/57.0.2987.132 Mobile Safari/537.36"
193.105.7.171 - - [24/Jan/2018:00:01:10 +0300] "GET /wp-includes/js/jquery/jquery-migrate.min.js?ver=1.4.1 HTTP/1.0" 200 4014 "http://some-blog.ru/trenirovki/kak-sest-na-shpagat-v-domashnix-usloviyax-uprazhneniya/" "Mozilla/5.0 (Linux; Android 6.0.1; Redmi Note 3 Build/MMB29M) AppleWebKit/537.36 (KHTML, like Gecko) Chrome/57.0.2987.132 Mobile Safari/537.36"
193.105.7.171 - - [24/Jan/2018:00:01:10 +0300] "GET /wp-content/plugins/q2w3-fixed-widget/js/q2w3-fixed-widget.min.js?ver=4.0.5 HTTP/1.0" 200 805 "http://some-blog.ru/trenirovki/kak-sest-na-shpagat-v-domashnix-usloviyax-uprazhneniya/" "Mozilla/5.0 (Linux; Android 6.0.1; Redmi Note 3 Build/MMB29M) AppleWebKit/537.36 (KHTML, like Gecko) Chrome/57.0.2987.132 Mobile Safari/537.36"
193.105.7.171 - - [24/Jan/2018:00:01:10 +0300] "GET /wp-includes/js/jquery/jquery.js?ver=1.12.4 HTTP/1.0" 200 33766 "http://some-blog.ru/trenirovki/kak-sest-na-shpagat-v-domashnix-usloviyax-uprazhneniya/" "Mozilla/5.0 (Linux; Android 6.0.1; Redmi Note 3 Build/MMB29M) AppleWebKit/537.36 (KHTML, like Gecko) Chrome/57.0.2987.132 Mobile Safari/537.36"
193.105.7.171 - - [24/Jan/2018:00:01:10 +0300] "GET /wp-content/themes/sark-press/javascript/bootstrap.min.js HTTP/1.0" 200 7679 "http://some-blog.ru/trenirovki/kak-sest-na-shpagat-v-domashnix-usloviyax-uprazhneniya/" "Mozilla/5.0 (Linux; Android 6.0.1; Redmi Note 3 Build/MMB29M) AppleWebKit/537.36 (KHTML, like Gecko) Chrome/57.0.2987.132 Mobile Safari/537.36"
193.105.7.171 - - [24/Jan/2018:00:01:10 +0300] "GET /wp-content/themes/sark-press/javascript/sarkpress_script.js HTTP/1.0" 200 137 "http://some-blog.ru/trenirovki/kak-sest-na-shpagat-v-domashnix-usloviyax-uprazhneniya/" "Mozilla/5.0 (Linux; Android 6.0.1; Redmi Note 3 Build/MMB29M) AppleWebKit/537.36 (KHTML, like Gecko) Chrome/57.0.2987.132 Mobile Safari/537.36"
193.105.7.171 - - [24/Jan/2018:00:01:10 +0300] "GET /wp-content/plugins/wp-postratings/postratings-js.js?ver=1.82 HTTP/1.0" 200 752 "http://some-blog.ru/trenirovki/kak-sest-na-shpagat-v-domashnix-usloviyax-uprazhneniya/" "Mozilla/5.0 (Linux; Android 6.0.1; Redmi Note 3 Build/MMB29M) AppleWebKit/537.36 (KHTML, like Gecko) Chrome/57.0.2987.132 Mobile Safari/537.36"
193.105.7.171 - - [24/Jan/2018:00:01:10 +0300] "GET /wp-includes/js/comment-reply.min.js?ver=4.6.1 HTTP/1.0" 200 589 "http://some-blog.ru/trenirovki/kak-sest-na-shpagat-v-domashnix-usloviyax-uprazhneniya/" "Mozilla/5.0 (Linux; Android 6.0.1; Redmi Note 3 Build/MMB29M) AppleWebKit/537.36 (KHTML, like Gecko) Chrome/57.0.2987.132 Mobile Safari/537.36"
193.105.7.171 - - [24/Jan/2018:00:01:10 +0300] "GET /wp-includes/js/wp-embed.min.js?ver=4.6.1 HTTP/1.0" 200 750 "http://some-blog.ru/trenirovki/kak-sest-na-shpagat-v-domashnix-usloviyax-uprazhneniya/" "Mozilla/5.0 (Linux; Android 6.0.1; Redmi Note 3 Build/MMB29M) AppleWebKit/537.36 (KHTML, like Gecko) Chrome/57.0.2987.132 Mobile Safari/537.36"
193.105.7.171 - - [24/Jan/2018:00:01:12 +0300] "GET /wp-content/plugins/wp-postratings/images/stars/rating_on.gif HTTP/1.0" 200 523 "http://some-blog.ru/trenirovki/kak-sest-na-shpagat-v-domashnix-usloviyax-uprazhneniya/" "Mozilla/5.0 (Linux; Android 6.0.1; Redmi Note 3 Build/MMB29M) AppleWebKit/537.36 (KHTML, like Gecko) Chrome/57.0.2987.132 Mobile Safari/537.36"
193.105.7.171 - - [24/Jan/2018:00:01:12 +0300] "GET /wp-content/plugins/wp-postratings/images/loading.gif HTTP/1.0" 200 771 "http://some-blog.ru/trenirovki/kak-sest-na-shpagat-v-domashnix-usloviyax-uprazhneniya/" "Mozilla/5.0 (Linux; Android 6.0.1; Redmi Note 3 Build/MMB29M) AppleWebKit/537.36 (KHTML, like Gecko) Chrome/57.0.2987.132 Mobile Safari/537.36"
193.105.7.171 - - [24/Jan/2018:00:01:12 +0300] "GET /wp-includes/js/wp-emoji-release.min.js?ver=4.6.1 HTTP/1.0" 200 4012 "http://some-blog.ru/trenirovki/kak-sest-na-shpagat-v-domashnix-usloviyax-uprazhneniya/" "Mozilla/5.0 (Linux; Android 6.0.1; Redmi Note 3 Build/MMB29M) AppleWebKit/537.36 (KHTML, like Gecko) Chrome/57.0.2987.132 Mobile Safari/537.36"
46.39.55.158 - - [24/Jan/2018:00:01:18 +0300] "GET /rastyazhka/skolko-nuzhno-vremeni-chtoby-sest-na-shpagat/ HTTP/1.0" 200 11749 "https://www.google.ru/" "Mozilla/5.0 (iPhone; CPU iPhone OS 10_2_1 like Mac OS X) AppleWebKit/602.4.6 (KHTML, like Gecko) Version/10.0 Mobile/14D27 Safari/602.1"
46.39.55.158 - - [24/Jan/2018:00:01:18 +0300] "GET /wp-content/plugins/wp-postratings/postratings-css.css?ver=1.82 HTTP/1.0" 200 425 "http://some-blog.ru/rastyazhka/skolko-nuzhno-vremeni-chtoby-sest-na-shpagat/" "Mozilla/5.0 (iPhone; CPU iPhone OS 10_2_1 like Mac OS X) AppleWebKit/602.4.6 (KHTML, like Gecko) Version/10.0 Mobile/14D27 Safari/602.1"
82.208.101.90 - - [24/Jan/2018:00:01:19 +0300] "GET /trenirovki/kak-sest-na-shpagat-v-domashnix-usloviyax-uprazhneniya/ HTTP/1.0" 200 22084 "https://www.google.ru/" "Mozilla/5.0 (iPhone; CPU iPhone OS 11_2_2 like Mac OS X) AppleWebKit/604.4.7 (KHTML, like Gecko) Version/11.0 Mobile/15C202 Safari/604.1"
46.39.55.158 - - [24/Jan/2018:00:01:19 +0300] "GET /wp-content/themes/sark-press/stylesheet/bootstrap-theme.min.css?ver=20121010 HTTP/1.0" 200 1747 "http://some-blog.ru/rastyazhka/skolko-nuzhno-vremeni-chtoby-sest-na-shpagat/" "Mozilla/5.0 (iPhone; CPU iPhone OS 10_2_1 like Mac OS X) AppleWebKit/602.4.6 (KHTML, like Gecko) Version/10.0 Mobile/14D27 Safari/602.1"
46.39.55.158 - - [24/Jan/2018:00:01:19 +0300] "GET /wp-content/themes/sark-press/stylesheet/font-awesome.min.css?ver=20121010 HTTP/1.0" 200 4015 "http://some-blog.ru/rastyazhka/skolko-nuzhno-vremeni-chtoby-sest-na-shpagat/" "Mozilla/5.0 (iPhone; CPU iPhone OS 10_2_1 like Mac OS X) AppleWebKit/602.4.6 (KHTML, like Gecko) Version/10.0 Mobile/14D27 Safari/602.1"
46.39.55.158 - - [24/Jan/2018:00:01:19 +0300] "GET /wp-content/themes/sark-press/stylesheet/bootstrap.css?ver=20121010 HTTP/1.0" 200 19519 "http://some-blog.ru/rastyazhka/skolko-nuzhno-vremeni-chtoby-sest-na-shpagat/" "Mozilla/5.0 (iPhone; CPU iPhone OS 10_2_1 like Mac OS X) AppleWebKit/602.4.6 (KHTML, like Gecko) Version/10.0 Mobile/14D27 Safari/602.1"
82.208.101.90 - - [24/Jan/2018:00:01:19 +0300] "GET /wp-content/themes/sark-press/stylesheet/bootstrap-theme.min.css?ver=20121010 HTTP/1.0" 200 1747 "http://some-blog.ru/trenirovki/kak-sest-na-shpagat-v-domashnix-usloviyax-uprazhneniya/" "Mozilla/5.0 (iPhone; CPU iPhone OS 11_2_2 like Mac OS X) AppleWebKit/604.4.7 (KHTML, like Gecko) Version/11.0 Mobile/15C202 Safari/604.1"
82.208.101.90 - - [24/Jan/2018:00:01:19 +0300] "GET /wp-content/plugins/wp-postratings/postratings-css.css?ver=1.82 HTTP/1.0" 200 425 "http://some-blog.ru/trenirovki/kak-sest-na-shpagat-v-domashnix-usloviyax-uprazhneniya/" "Mozilla/5.0 (iPhone; CPU iPhone OS 11_2_2 like Mac OS X) AppleWebKit/604.4.7 (KHTML, like Gecko) Version/11.0 Mobile/15C202 Safari/604.1"
82.208.101.90 - - [24/Jan/2018:00:01:19 +0300] "GET /wp-content/themes/sark-press/stylesheet/fonts.css?ver=20121010 HTTP/1.0" 200 279 "http://some-blog.ru/trenirovki/kak-sest-na-shpagat-v-domashnix-usloviyax-uprazhneniya/" "Mozilla/5.0 (iPhone; CPU iPhone OS 11_2_2 like Mac OS X) AppleWebKit/604.4.7 (KHTML, like Gecko) Version/11.0 Mobile/15C202 Safari/604.1"
82.208.101.90 - - [24/Jan/2018:00:01:19 +0300] "GET /wp-content/themes/sark-press/stylesheet/font-awesome.min.css?ver=20121010 HTTP/1.0" 200 4015 "http://some-blog.ru/trenirovki/kak-sest-na-shpagat-v-domashnix-usloviyax-uprazhneniya/" "Mozilla/5.0 (iPhone; CPU iPhone OS 11_2_2 like Mac OS X) AppleWebKit/604.4.7 (KHTML, like Gecko) Version/11.0 Mobile/15C202 Safari/604.1"
82.208.101.90 - - [24/Jan/2018:00:01:19 +0300] "GET /wp-content/themes/sark-press/stylesheet/bootstrap.css?ver=20121010 HTTP/1.0" 200 19519 "http://some-blog.ru/trenirovki/kak-sest-na-shpagat-v-domashnix-usloviyax-uprazhneniya/" "Mozilla/5.0 (iPhone; CPU iPhone OS 11_2_2 like Mac OS X) AppleWebKit/604.4.7 (KHTML, like Gecko) Version/11.0 Mobile/15C202 Safari/604.1"
46.39.55.158 - - [24/Jan/2018:00:01:19 +0300] "GET /wp-content/themes/sark-press/style.css?ver=20121010 HTTP/1.0" 200 5078 "http://some-blog.ru/rastyazhka/skolko-nuzhno-vremeni-chtoby-sest-na-shpagat/" "Mozilla/5.0 (iPhone; CPU iPhone OS 10_2_1 like Mac OS X) AppleWebKit/602.4.6 (KHTML, like Gecko) Version/10.0 Mobile/14D27 Safari/602.1"
46.39.55.158 - - [24/Jan/2018:00:01:19 +0300] "GET /wp-content/plugins/wp-pagenavi/pagenavi-css.css?ver=2.70 HTTP/1.0" 200 239 "http://some-blog.ru/rastyazhka/skolko-nuzhno-vremeni-chtoby-sest-na-shpagat/" "Mozilla/5.0 (iPhone; CPU iPhone OS 10_2_1 like Mac OS X) AppleWebKit/602.4.6 (KHTML, like Gecko) Version/10.0 Mobile/14D27 Safari/602.1"
82.208.101.90 - - [24/Jan/2018:00:01:19 +0300] "GET /wp-content/themes/sark-press/style.css?ver=20121010 HTTP/1.0" 200 5078 "http://some-blog.ru/trenirovki/kak-sest-na-shpagat-v-domashnix-usloviyax-uprazhneniya/" "Mozilla/5.0 (iPhone; CPU iPhone OS 11_2_2 like Mac OS X) AppleWebKit/604.4.7 (KHTML, like Gecko) Version/11.0 Mobile/15C202 Safari/604.1"
82.208.101.90 - - [24/Jan/2018:00:01:19 +0300] "GET /wp-content/plugins/wp-pagenavi/pagenavi-css.css?ver=2.70 HTTP/1.0" 200 239 "http://some-blog.ru/trenirovki/kak-sest-na-shpagat-v-domashnix-usloviyax-uprazhneniya/" "Mozilla/5.0 (iPhone; CPU iPhone OS 11_2_2 like Mac OS X) AppleWebKit/604.4.7 (KHTML, like Gecko) Version/11.0 Mobile/15C202 Safari/604.1"
82.208.101.90 - - [24/Jan/2018:00:01:19 +0300] "GET /wp-content/plugins/extended-categories-widget/4.2/css/avh-ec.widget.css?ver=3.10.0-dev.1 HTTP/1.0" 200 121 "http://some-blog.ru/trenirovki/kak-sest-na-shpagat-v-domashnix-usloviyax-uprazhneniya/" "Mozilla/5.0 (iPhone; CPU iPhone OS 11_2_2 like Mac OS X) AppleWebKit/604.4.7 (KHTML, like Gecko) Version/11.0 Mobile/15C202 Safari/604.1"
46.39.55.158 - - [24/Jan/2018:00:01:20 +0300] "GET /wp-content/plugins/extended-categories-widget/4.2/css/avh-ec.widget.css?ver=3.10.0-dev.1 HTTP/1.0" 200 121 "http://some-blog.ru/rastyazhka/skolko-nuzhno-vremeni-chtoby-sest-na-shpagat/" "Mozilla/5.0 (iPhone; CPU iPhone OS 10_2_1 like Mac OS X) AppleWebKit/602.4.6 (KHTML, like Gecko) Version/10.0 Mobile/14D27 Safari/602.1"
82.208.101.90 - - [24/Jan/2018:00:01:20 +0300] "GET /wp-includes/js/jquery/jquery.js?ver=1.12.4 HTTP/1.0" 200 33766 "http://some-blog.ru/trenirovki/kak-sest-na-shpagat-v-domashnix-usloviyax-uprazhneniya/" "Mozilla/5.0 (iPhone; CPU iPhone OS 11_2_2 like Mac OS X) AppleWebKit/604.4.7 (KHTML, like Gecko) Version/11.0 Mobile/15C202 Safari/604.1"
82.208.101.90 - - [24/Jan/2018:00:01:20 +0300] "GET /wp-includes/js/jquery/jquery-migrate.min.js?ver=1.4.1 HTTP/1.0" 200 4014 "http://some-blog.ru/trenirovki/kak-sest-na-shpagat-v-domashnix-usloviyax-uprazhneniya/" "Mozilla/5.0 (iPhone; CPU iPhone OS 11_2_2 like Mac OS X) AppleWebKit/604.4.7 (KHTML, like Gecko) Version/11.0 Mobile/15C202 Safari/604.1"
46.39.55.158 - - [24/Jan/2018:00:01:20 +0300] "GET /wp-includes/js/jquery/jquery-migrate.min.js?ver=1.4.1 HTTP/1.0" 200 4014 "http://some-blog.ru/rastyazhka/skolko-nuzhno-vremeni-chtoby-sest-na-shpagat/" "Mozilla/5.0 (iPhone; CPU iPhone OS 10_2_1 like Mac OS X) AppleWebKit/602.4.6 (KHTML, like Gecko) Version/10.0 Mobile/14D27 Safari/602.1"
46.39.55.158 - - [24/Jan/2018:00:01:20 +0300] "GET /wp-includes/js/jquery/jquery.js?ver=1.12.4 HTTP/1.0" 200 33766 "http://some-blog.ru/rastyazhka/skolko-nuzhno-vremeni-chtoby-sest-na-shpagat/" "Mozilla/5.0 (iPhone; CPU iPhone OS 10_2_1 like Mac OS X) AppleWebKit/602.4.6 (KHTML, like Gecko) Version/10.0 Mobile/14D27 Safari/602.1"
82.208.101.90 - - [24/Jan/2018:00:01:20 +0300] "GET /wp-content/plugins/q2w3-fixed-widget/js/q2w3-fixed-widget.min.js?ver=4.0.5 HTTP/1.0" 200 805 "http://some-blog.ru/trenirovki/kak-sest-na-shpagat-v-domashnix-usloviyax-uprazhneniya/" "Mozilla/5.0 (iPhone; CPU iPhone OS 11_2_2 like Mac OS X) AppleWebKit/604.4.7 (KHTML, like Gecko) Version/11.0 Mobile/15C202 Safari/604.1"
46.39.55.158 - - [24/Jan/2018:00:01:20 +0300] "GET /wp-content/plugins/q2w3-fixed-widget/js/q2w3-fixed-widget.min.js?ver=4.0.5 HTTP/1.0" 200 805 "http://some-blog.ru/rastyazhka/skolko-nuzhno-vremeni-chtoby-sest-na-shpagat/" "Mozilla/5.0 (iPhone; CPU iPhone OS 10_2_1 like Mac OS X) AppleWebKit/602.4.6 (KHTML, like Gecko) Version/10.0 Mobile/14D27 Safari/602.1"
82.208.101.90 - - [24/Jan/2018:00:01:20 +0300] "GET /wp-content/themes/sark-press/javascript/bootstrap.min.js HTTP/1.0" 200 7679 "http://some-blog.ru/trenirovki/kak-sest-na-shpagat-v-domashnix-usloviyax-uprazhneniya/" "Mozilla/5.0 (iPhone; CPU iPhone OS 11_2_2 like Mac OS X) AppleWebKit/604.4.7 (KHTML, like Gecko) Version/11.0 Mobile/15C202 Safari/604.1"
46.39.55.158 - - [24/Jan/2018:00:01:20 +0300] "GET /wp-content/themes/sark-press/javascript/bootstrap.min.js HTTP/1.0" 200 7679 "http://some-blog.ru/rastyazhka/skolko-nuzhno-vremeni-chtoby-sest-na-shpagat/" "Mozilla/5.0 (iPhone; CPU iPhone OS 10_2_1 like Mac OS X) AppleWebKit/602.4.6 (KHTML, like Gecko) Version/10.0 Mobile/14D27 Safari/602.1"
46.39.55.158 - - [24/Jan/2018:00:01:20 +0300] "GET /wp-content/themes/sark-press/javascript/sarkpress_script.js HTTP/1.0" 200 137 "http://some-blog.ru/rastyazhka/skolko-nuzhno-vremeni-chtoby-sest-na-shpagat/" "Mozilla/5.0 (iPhone; CPU iPhone OS 10_2_1 like Mac OS X) AppleWebKit/602.4.6 (KHTML, like Gecko) Version/10.0 Mobile/14D27 Safari/602.1"
46.39.55.158 - - [24/Jan/2018:00:01:20 +0300] "GET /wp-content/plugins/wp-postratings/postratings-js.js?ver=1.82 HTTP/1.0" 200 752 "http://some-blog.ru/rastyazhka/skolko-nuzhno-vremeni-chtoby-sest-na-shpagat/" "Mozilla/5.0 (iPhone; CPU iPhone OS 10_2_1 like Mac OS X) AppleWebKit/602.4.6 (KHTML, like Gecko) Version/10.0 Mobile/14D27 Safari/602.1"
82.208.101.90 - - [24/Jan/2018:00:01:20 +0300] "GET /wp-content/themes/sark-press/javascript/sarkpress_script.js HTTP/1.0" 200 137 "http://some-blog.ru/trenirovki/kak-sest-na-shpagat-v-domashnix-usloviyax-uprazhneniya/" "Mozilla/5.0 (iPhone; CPU iPhone OS 11_2_2 like Mac OS X) AppleWebKit/604.4.7 (KHTML, like Gecko) Version/11.0 Mobile/15C202 Safari/604.1"
82.208.101.90 - - [24/Jan/2018:00:01:20 +0300] "GET /wp-content/plugins/wp-postratings/postratings-js.js?ver=1.82 HTTP/1.0" 200 752 "http://some-blog.ru/trenirovki/kak-sest-na-shpagat-v-domashnix-usloviyax-uprazhneniya/" "Mozilla/5.0 (iPhone; CPU iPhone OS 11_2_2 like Mac OS X) AppleWebKit/604.4.7 (KHTML, like Gecko) Version/11.0 Mobile/15C202 Safari/604.1"
46.39.55.158 - - [24/Jan/2018:00:01:20 +0300] "GET /wp-includes/js/comment-reply.min.js?ver=4.6.1 HTTP/1.0" 200 589 "http://some-blog.ru/rastyazhka/skolko-nuzhno-vremeni-chtoby-sest-na-shpagat/" "Mozilla/5.0 (iPhone; CPU iPhone OS 10_2_1 like Mac OS X) AppleWebKit/602.4.6 (KHTML, like Gecko) Version/10.0 Mobile/14D27 Safari/602.1"
46.39.55.158 - - [24/Jan/2018:00:01:20 +0300] "GET /wp-content/plugins/wp-postratings/images/stars/rating_on.gif HTTP/1.0" 200 523 "http://some-blog.ru/rastyazhka/skolko-nuzhno-vremeni-chtoby-sest-na-shpagat/" "Mozilla/5.0 (iPhone; CPU iPhone OS 10_2_1 like Mac OS X) AppleWebKit/602.4.6 (KHTML, like Gecko) Version/10.0 Mobile/14D27 Safari/602.1"
46.39.55.158 - - [24/Jan/2018:00:01:20 +0300] "GET /wp-includes/js/wp-embed.min.js?ver=4.6.1 HTTP/1.0" 200 750 "http://some-blog.ru/rastyazhka/skolko-nuzhno-vremeni-chtoby-sest-na-shpagat/" "Mozilla/5.0 (iPhone; CPU iPhone OS 10_2_1 like Mac OS X) AppleWebKit/602.4.6 (KHTML, like Gecko) Version/10.0 Mobile/14D27 Safari/602.1"
82.208.101.90 - - [24/Jan/2018:00:01:21 +0300] "GET /wp-includes/js/comment-reply.min.js?ver=4.6.1 HTTP/1.0" 200 589 "http://some-blog.ru/trenirovki/kak-sest-na-shpagat-v-domashnix-usloviyax-uprazhneniya/" "Mozilla/5.0 (iPhone; CPU iPhone OS 11_2_2 like Mac OS X) AppleWebKit/604.4.7 (KHTML, like Gecko) Version/11.0 Mobile/15C202 Safari/604.1"
46.39.55.158 - - [24/Jan/2018:00:01:21 +0300] "GET /wp-content/themes/sark-press/stylesheet/fonts.css?ver=20121010 HTTP/1.0" 200 279 "http://some-blog.ru/rastyazhka/skolko-nuzhno-vremeni-chtoby-sest-na-shpagat/" "Mozilla/5.0 (iPhone; CPU iPhone OS 10_2_1 like Mac OS X) AppleWebKit/602.4.6 (KHTML, like Gecko) Version/10.0 Mobile/14D27 Safari/602.1"
46.39.55.158 - - [24/Jan/2018:00:01:21 +0300] "GET /wp-content/plugins/wp-postratings/images/stars/rating_off.gif HTTP/1.0" 200 326 "http://some-blog.ru/rastyazhka/skolko-nuzhno-vremeni-chtoby-sest-na-shpagat/" "Mozilla/5.0 (iPhone; CPU iPhone OS 10_2_1 like Mac OS X) AppleWebKit/602.4.6 (KHTML, like Gecko) Version/10.0 Mobile/14D27 Safari/602.1"
46.39.55.158 - - [24/Jan/2018:00:01:21 +0300] "GET /wp-content/plugins/wp-postratings/images/loading.gif HTTP/1.0" 200 771 "http://some-blog.ru/rastyazhka/skolko-nuzhno-vremeni-chtoby-sest-na-shpagat/" "Mozilla/5.0 (iPhone; CPU iPhone OS 10_2_1 like Mac OS X) AppleWebKit/602.4.6 (KHTML, like Gecko) Version/10.0 Mobile/14D27 Safari/602.1"
46.39.55.158 - - [24/Jan/2018:00:01:21 +0300] "GET /wp-content/plugins/wp-postratings/images/stars/rating_half.gif HTTP/1.0" 200 523 "http://some-blog.ru/rastyazhka/skolko-nuzhno-vremeni-chtoby-sest-na-shpagat/" "Mozilla/5.0 (iPhone; CPU iPhone OS 10_2_1 like Mac OS X) AppleWebKit/602.4.6 (KHTML, like Gecko) Version/10.0 Mobile/14D27 Safari/602.1"
82.208.101.90 - - [24/Jan/2018:00:01:21 +0300] "GET /wp-includes/js/wp-embed.min.js?ver=4.6.1 HTTP/1.0" 200 750 "http://some-blog.ru/trenirovki/kak-sest-na-shpagat-v-domashnix-usloviyax-uprazhneniya/" "Mozilla/5.0 (iPhone; CPU iPhone OS 11_2_2 like Mac OS X) AppleWebKit/604.4.7 (KHTML, like Gecko) Version/11.0 Mobile/15C202 Safari/604.1"
82.208.101.90 - - [24/Jan/2018:00:01:21 +0300] "GET /wp-content/plugins/wp-postratings/images/stars/rating_on.gif HTTP/1.0" 200 523 "http://some-blog.ru/trenirovki/kak-sest-na-shpagat-v-domashnix-usloviyax-uprazhneniya/" "Mozilla/5.0 (iPhone; CPU iPhone OS 11_2_2 like Mac OS X) AppleWebKit/604.4.7 (KHTML, like Gecko) Version/11.0 Mobile/15C202 Safari/604.1"
82.208.101.90 - - [24/Jan/2018:00:01:21 +0300] "GET /wp-content/plugins/wp-postratings/images/loading.gif HTTP/1.0" 200 771 "http://some-blog.ru/trenirovki/kak-sest-na-shpagat-v-domashnix-usloviyax-uprazhneniya/" "Mozilla/5.0 (iPhone; CPU iPhone OS 11_2_2 like Mac OS X) AppleWebKit/604.4.7 (KHTML, like Gecko) Version/11.0 Mobile/15C202 Safari/604.1"
82.208.101.90 - - [24/Jan/2018:00:01:21 +0300] "GET /wp-content/plugins/wp-postratings/images/stars/rating_over.gif HTTP/1.0" 200 920 "http://some-blog.ru/trenirovki/kak-sest-na-shpagat-v-domashnix-usloviyax-uprazhneniya/" "Mozilla/5.0 (iPhone; CPU iPhone OS 11_2_2 like Mac OS X) AppleWebKit/604.4.7 (KHTML, like Gecko) Version/11.0 Mobile/15C202 Safari/604.1"
46.39.55.158 - - [24/Jan/2018:00:01:21 +0300] "GET /wp-content/plugins/wp-postratings/images/stars/rating_over.gif HTTP/1.0" 200 920 "http://some-blog.ru/rastyazhka/skolko-nuzhno-vremeni-chtoby-sest-na-shpagat/" "Mozilla/5.0 (iPhone; CPU iPhone OS 10_2_1 like Mac OS X) AppleWebKit/602.4.6 (KHTML, like Gecko) Version/10.0 Mobile/14D27 Safari/602.1"
82.208.101.90 - - [24/Jan/2018:00:01:22 +0300] "GET /wp-content/themes/sark-press/fonts/font-awesome/fontawesome-webfont.woff?v=4.0.3 HTTP/1.0" 200 44432 "http://some-blog.ru/trenirovki/kak-sest-na-shpagat-v-domashnix-usloviyax-uprazhneniya/" "Mozilla/5.0 (iPhone; CPU iPhone OS 11_2_2 like Mac OS X) AppleWebKit/604.4.7 (KHTML, like Gecko) Version/11.0 Mobile/15C202 Safari/604.1"
46.39.55.158 - - [24/Jan/2018:00:01:22 +0300] "GET /wp-content/themes/sark-press/fonts/font-awesome/fontawesome-webfont.woff?v=4.0.3 HTTP/1.0" 200 44432 "http://some-blog.ru/rastyazhka/skolko-nuzhno-vremeni-chtoby-sest-na-shpagat/" "Mozilla/5.0 (iPhone; CPU iPhone OS 10_2_1 like Mac OS X) AppleWebKit/602.4.6 (KHTML, like Gecko) Version/10.0 Mobile/14D27 Safari/602.1"
216.244.66.197 - - [24/Jan/2018:00:01:39 +0300] "GET /trenirovki/kak-ubrat-zhivot/ HTTP/1.0" 200 38603 "-" "Mozilla/5.0 (compatible; DotBot/1.1; http://www.opensiteexplorer.org/dotbot, help@moz.com)"
46.39.55.158 - - [24/Jan/2018:00:01:39 +0300] "GET /rastyazhka/skolko-nuzhno-vremeni-chtoby-sest-na-shpagat/?cf_action=sync_comments&post_id=591 HTTP/1.0" 200 173 "http://some-blog.ru/rastyazhka/skolko-nuzhno-vremeni-chtoby-sest-na-shpagat/" "Mozilla/5.0 (iPhone; CPU iPhone OS 10_2_1 like Mac OS X) AppleWebKit/602.4.6 (KHTML, like Gecko) Version/10.0 Mobile/14D27 Safari/602.1"
82.208.101.90 - - [24/Jan/2018:00:01:45 +0300] "GET /trenirovki/kak-sest-na-shpagat-v-domashnix-usloviyax-uprazhneniya/?cf_action=sync_comments&post_id=402 HTTP/1.0" 200 173 "http://some-blog.ru/trenirovki/kak-sest-na-shpagat-v-domashnix-usloviyax-uprazhneniya/" "Mozilla/5.0 (iPhone; CPU iPhone OS 11_2_2 like Mac OS X) AppleWebKit/604.4.7 (KHTML, like Gecko) Version/11.0 Mobile/15C202 Safari/604.1"
193.105.7.171 - - [24/Jan/2018:00:01:47 +0300] "GET /wp-content/themes/sark-press/fonts/font-awesome/fontawesome-webfont.woff?v=4.0.3 HTTP/1.0" 200 44432 "http://some-blog.ru/wp-content/themes/sark-press/stylesheet/font-awesome.min.css?ver=20121010" "Mozilla/5.0 (Linux; Android 6.0.1; Redmi Note 3 Build/MMB29M) AppleWebKit/537.36 (KHTML, like Gecko) Chrome/57.0.2987.132 Mobile Safari/537.36"
193.105.7.171 - - [24/Jan/2018:00:01:48 +0300] "GET /favicon.ico HTTP/1.0" 200 1406 "http://some-blog.ru/trenirovki/kak-sest-na-shpagat-v-domashnix-usloviyax-uprazhneniya/" "Mozilla/5.0 (Linux; Android 6.0.1; Redmi Note 3 Build/MMB29M) AppleWebKit/537.36 (KHTML, like Gecko) Chrome/57.0.2987.132 Mobile Safari/537.36"
193.105.7.171 - - [24/Jan/2018:00:01:54 +0300] "GET /trenirovki/kak-sest-na-shpagat-v-domashnix-usloviyax-uprazhneniya/ HTTP/1.0" 200 22084 "https://www.google.com.ua/" "Mozilla/5.0 (Linux; Android 6.0.1; Redmi Note 3 Build/MMB29M) AppleWebKit/537.36 (KHTML, like Gecko) Chrome/57.0.2987.132 Mobile Safari/537.36"
193.105.7.171 - - [24/Jan/2018:00:02:01 +0300] "GET /trenirovki/kak-sest-na-shpagat-v-domashnix-usloviyax-uprazhneniya/ HTTP/1.0" 200 22084 "https://www.google.com.ua/" "Mozilla/5.0 (Linux; Android 6.0.1; Redmi Note 3 Build/MMB29M) AppleWebKit/537.36 (KHTML, like Gecko) Chrome/57.0.2987.132 Mobile Safari/537.36"
46.39.55.158 - - [24/Jan/2018:00:02:31 +0300] "GET /trenirovki/kak-sest-na-shpagat-v-domashnix-usloviyax-uprazhneniya/ HTTP/1.0" 200 22084 "http://some-blog.ru/rastyazhka/skolko-nuzhno-vremeni-chtoby-sest-na-shpagat/" "Mozilla/5.0 (iPhone; CPU iPhone OS 10_2_1 like Mac OS X) AppleWebKit/602.4.6 (KHTML, like Gecko) Version/10.0 Mobile/14D27 Safari/602.1"
46.39.55.158 - - [24/Jan/2018:00:03:03 +0300] "GET /trenirovki/kak-sest-na-shpagat-v-domashnix-usloviyax-uprazhneniya/?cf_action=sync_comments&post_id=402 HTTP/1.0" 200 172 "http://some-blog.ru/trenirovki/kak-sest-na-shpagat-v-domashnix-usloviyax-uprazhneniya/" "Mozilla/5.0 (iPhone; CPU iPhone OS 10_2_1 like Mac OS X) AppleWebKit/602.4.6 (KHTML, like Gecko) Version/10.0 Mobile/14D27 Safari/602.1"
95.163.105.175 - - [24/Jan/2018:00:03:16 +0300] "GET /feed/ HTTP/1.0" 200 113450 "-" "Mozilla/5.0 (compatible; I; Linux i686(x86_64); ARM; en-us) like Gecko Chrome/41.1.251.324 Safari/564.15"
37.57.189.63 - - [24/Jan/2018:00:04:31 +0300] "GET /rastyazhka/kak-vypolnyat-uprazhneniya-na-rastyazhku-effektivnee/ HTTP/1.0" 200 13829 "http://some-blog.ru/rastyazhka/skolko-nuzhno-vremeni-chtoby-sest-na-shpagat/" "Mozilla/5.0 (Linux; Android 5.1.1; C6902 Build/14.6.A.1.236) AppleWebKit/537.36 (KHTML, like Gecko) Chrome/61.0.3163.98 Mobile Safari/537.36"
37.57.189.63 - - [24/Jan/2018:00:04:35 +0300] "GET /rastyazhka/pochemu-vazhno-byt-gibkim-6-faktorov/ HTTP/1.0" 200 12700 "http://some-blog.ru/rastyazhka/kak-vypolnyat-uprazhneniya-na-rastyazhku-effektivnee/" "Mozilla/5.0 (Linux; Android 5.1.1; C6902 Build/14.6.A.1.236) AppleWebKit/537.36 (KHTML, like Gecko) Chrome/61.0.3163.98 Mobile Safari/537.36"
37.57.189.63 - - [24/Jan/2018:00:04:46 +0300] "GET /rastyazhka/pochemu-vazhno-byt-gibkim-6-faktorov/?cf_action=sync_comments&post_id=243 HTTP/1.0" 200 172 "http://some-blog.ru/rastyazhka/pochemu-vazhno-byt-gibkim-6-faktorov/" "Mozilla/5.0 (Linux; Android 5.1.1; C6902 Build/14.6.A.1.236) AppleWebKit/537.36 (KHTML, like Gecko) Chrome/61.0.3163.98 Mobile Safari/537.36"
46.211.153.115 - - [24/Jan/2018:00:05:44 +0300] "GET /trenirovki/kak-sest-na-shpagat-v-domashnix-usloviyax-uprazhneniya/?cf_action=sync_comments&post_id=402 HTTP/1.0" 200 173 "http://some-blog.ru/trenirovki/kak-sest-na-shpagat-v-domashnix-usloviyax-uprazhneniya/" "Mozilla/5.0 (iPhone; CPU iPhone OS 10_3_3 like Mac OS X) AppleWebKit/603.3.8 (KHTML, like Gecko) Version/10.0 Mobile/14G60 Safari/602.1"
95.153.130.141 - - [24/Jan/2018:00:05:57 +0300] "GET /rastyazhka/skolko-nuzhno-vremeni-chtoby-sest-na-shpagat/ HTTP/1.0" 200 11749 "https://www.google.ru/" "Mozilla/5.0 (Linux; Android 4.4.2; FS451 Build/KOT49H) AppleWebKit/537.36 (KHTML, like Gecko) Chrome/63.0.3239.111 Mobile Safari/537.36"
66.102.9.142 - - [24/Jan/2018:00:07:28 +0300] "GET /trenirovki/kak-sest-na-shpagat-v-domashnix-usloviyax-uprazhneniya/ HTTP/1.0" 200 22084 "-" "Mozilla/5.0 (Linux; Android 6.0.1; Redmi Note 3 Build/MMB29M) AppleWebKit/537.36 (KHTML, like Gecko) Chrome/60.0.3112.116 Mobile Safari/537.36"
66.102.9.140 - - [24/Jan/2018:00:07:45 +0300] "GET /trenirovki/kak-sest-na-shpagat-v-domashnix-usloviyax-uprazhneniya/?cf_action=sync_comments&post_id=402 HTTP/1.0" 200 172 "http://some-blog.ru/trenirovki/kak-sest-na-shpagat-v-domashnix-usloviyax-uprazhneniya/" "Mozilla/5.0 (Linux; Android 6.0.1; Redmi Note 3 Build/MMB29M) AppleWebKit/537.36 (KHTML, like Gecko) Chrome/60.0.3112.116 Mobile Safari/537.36"
95.47.104.11 - - [24/Jan/2018:00:08:00 +0300] "GET /rastyazhka/6-faktov-o-gibkosti/ HTTP/1.0" 200 11064 "https://yandex.fr/clck/jsredir?bu=uniq1516732613908322841&from=yandex.fr%3Bsearch%2F%3Bweb%3B%3B&text=&etext=1675.zphmVyOTh-PhHb1tYElWqZRKQPR721FwPxNNGNqX_m4B7LOMjIpipRab3VK4nOX5sznA325e4v3BH9gcPYIHNQ.7e2346981271a92ce87f3466c3a2de54bbc8f94d&uuid=&state=PEtFfuTeVD5kpHnK9lio9XRXFZbT4Ua2FWo80joDQ0PY982vMS6LPA,,&&cst=AiuY0DBWFJ5Hyx_fyvalFAUrUJ4QJXeVChjcaVzpdUttARINxzwtpXOwBN7-RhygyyMqPVV2SRvzWYfUhavssJgfPwv_qAwPYKqo1E20C7MwAr8xx68b05F5D8ytG9gwYc7n179VKe7MFc4GbLP9lD7aq9qpK3aclNwbVdzdRyXVicdPVid4QH_LhucZn2bQ5qh11Uhjpkz-o6Tw9XsXFPwNNqN2-19f8qFdsk692G_67X4iT9fVww6TFUg3MM-X_quikQOKp6muEinc2Gk7mUYVwO3efWoDvBw34zMvOgid1VFGYPVJHkDv2Dg-6ak1NipbEQnu-gUfGBLRAVxqEngljLjUmrZ0nwX4l1aT0p0aS_Md5ClKWuC1eAB6-Tgd3Zcbd_sF4H1IBtJhpH0D4csX7UEQLX1641f7jy15K8Ym3rmvNnPdlNbqB7WH2xjizD60pvps5e8l7tgxAGGyIA,,&data=UlNrNmk5WktYejR0eWJFYk1LdmtxcmU5SFExek9UR1R3V0xpYzRhMUs0SDJ6TVp1a0gtR2JOTFlBMVdlSnJLYnZvNGtsZlpZbWJUSnhpNXhqNE5FUnZBckQ5dnZJSkxZNmxOWEo0eG9JSnJnM0hnNngzUzVSUHdHeXE0RTc4V1lNOW5qWUlwRGNfVkF3WFNWa2t0TXBnLCw,&sign=aac2e6cd0936b4d235a1dd408e1a652c&keyno=0&b64e=2&ref=orjY4mGPRjmeEvfSbBIU7wdiUYsOhtJ_UgDfu9seXSowDvFd-aeGMCvxmmrpR8ugSwTD15Mo5frw3U9rnONjp-pIz_ixXs6C4LQS25dBZ8dnG3jHfZWHgr3warSBtesNKZtrOb0eNquF-Ig05hYOztEshHvs6t_6zKTEyQ3oc-VFj6ooHO7hEmMETg9uCI-aervh2cH1naSJ-Q6EbAv3Ow,,&l10n=ru&cts=1516741556815" "Mozilla/5.0 (Windows NT 6.1; Win64; x64) AppleWebKit/537.36 (KHTML, like Gecko) Chrome/63.0.3239.132 Safari/537.36 OPR/50.0.2762.67"
95.47.104.11 - - [24/Jan/2018:00:08:00 +0300] "GET /wp-content/plugins/wp-postratings/postratings-css.css?ver=1.82 HTTP/1.0" 200 425 "http://some-blog.ru/rastyazhka/6-faktov-o-gibkosti/" "Mozilla/5.0 (Windows NT 6.1; Win64; x64) AppleWebKit/537.36 (KHTML, like Gecko) Chrome/63.0.3239.132 Safari/537.36 OPR/50.0.2762.67"
95.47.104.11 - - [24/Jan/2018:00:08:00 +0300] "GET /wp-content/themes/sark-press/stylesheet/fonts.css?ver=20121010 HTTP/1.0" 200 279 "http://some-blog.ru/rastyazhka/6-faktov-o-gibkosti/" "Mozilla/5.0 (Windows NT 6.1; Win64; x64) AppleWebKit/537.36 (KHTML, like Gecko) Chrome/63.0.3239.132 Safari/537.36 OPR/50.0.2762.67"
95.47.104.11 - - [24/Jan/2018:00:08:00 +0300] "GET /wp-content/themes/sark-press/stylesheet/bootstrap-theme.min.css?ver=20121010 HTTP/1.0" 200 1747 "http://some-blog.ru/rastyazhka/6-faktov-o-gibkosti/" "Mozilla/5.0 (Windows NT 6.1; Win64; x64) AppleWebKit/537.36 (KHTML, like Gecko) Chrome/63.0.3239.132 Safari/537.36 OPR/50.0.2762.67"
95.47.104.11 - - [24/Jan/2018:00:08:00 +0300] "GET /wp-content/themes/sark-press/stylesheet/font-awesome.min.css?ver=20121010 HTTP/1.0" 200 4015 "http://some-blog.ru/rastyazhka/6-faktov-o-gibkosti/" "Mozilla/5.0 (Windows NT 6.1; Win64; x64) AppleWebKit/537.36 (KHTML, like Gecko) Chrome/63.0.3239.132 Safari/537.36 OPR/50.0.2762.67"
95.47.104.11 - - [24/Jan/2018:00:08:00 +0300] "GET /wp-content/themes/sark-press/stylesheet/bootstrap.css?ver=20121010 HTTP/1.0" 200 19519 "http://some-blog.ru/rastyazhka/6-faktov-o-gibkosti/" "Mozilla/5.0 (Windows NT 6.1; Win64; x64) AppleWebKit/537.36 (KHTML, like Gecko) Chrome/63.0.3239.132 Safari/537.36 OPR/50.0.2762.67"
95.47.104.11 - - [24/Jan/2018:00:08:00 +0300] "GET /wp-content/themes/sark-press/style.css?ver=20121010 HTTP/1.0" 200 5078 "http://some-blog.ru/rastyazhka/6-faktov-o-gibkosti/" "Mozilla/5.0 (Windows NT 6.1; Win64; x64) AppleWebKit/537.36 (KHTML, like Gecko) Chrome/63.0.3239.132 Safari/537.36 OPR/50.0.2762.67"
95.47.104.11 - - [24/Jan/2018:00:08:00 +0300] "GET /wp-content/plugins/wp-pagenavi/pagenavi-css.css?ver=2.70 HTTP/1.0" 200 239 "http://some-blog.ru/rastyazhka/6-faktov-o-gibkosti/" "Mozilla/5.0 (Windows NT 6.1; Win64; x64) AppleWebKit/537.36 (KHTML, like Gecko) Chrome/63.0.3239.132 Safari/537.36 OPR/50.0.2762.67"
95.47.104.11 - - [24/Jan/2018:00:08:00 +0300] "GET /wp-content/plugins/extended-categories-widget/4.2/css/avh-ec.widget.css?ver=3.10.0-dev.1 HTTP/1.0" 200 121 "http://some-blog.ru/rastyazhka/6-faktov-o-gibkosti/" "Mozilla/5.0 (Windows NT 6.1; Win64; x64) AppleWebKit/537.36 (KHTML, like Gecko) Chrome/63.0.3239.132 Safari/537.36 OPR/50.0.2762.67"
95.47.104.11 - - [24/Jan/2018:00:08:00 +0300] "GET /wp-includes/js/jquery/jquery.js?ver=1.12.4 HTTP/1.0" 200 33766 "http://some-blog.ru/rastyazhka/6-faktov-o-gibkosti/" "Mozilla/5.0 (Windows NT 6.1; Win64; x64) AppleWebKit/537.36 (KHTML, like Gecko) Chrome/63.0.3239.132 Safari/537.36 OPR/50.0.2762.67"
95.47.104.11 - - [24/Jan/2018:00:08:00 +0300] "GET /wp-includes/js/jquery/jquery-migrate.min.js?ver=1.4.1 HTTP/1.0" 200 4014 "http://some-blog.ru/rastyazhka/6-faktov-o-gibkosti/" "Mozilla/5.0 (Windows NT 6.1; Win64; x64) AppleWebKit/537.36 (KHTML, like Gecko) Chrome/63.0.3239.132 Safari/537.36 OPR/50.0.2762.67"
95.47.104.11 - - [24/Jan/2018:00:08:00 +0300] "GET /wp-content/plugins/q2w3-fixed-widget/js/q2w3-fixed-widget.min.js?ver=4.0.5 HTTP/1.0" 200 805 "http://some-blog.ru/rastyazhka/6-faktov-o-gibkosti/" "Mozilla/5.0 (Windows NT 6.1; Win64; x64) AppleWebKit/537.36 (KHTML, like Gecko) Chrome/63.0.3239.132 Safari/537.36 OPR/50.0.2762.67"
95.47.104.11 - - [24/Jan/2018:00:08:00 +0300] "GET /wp-content/themes/sark-press/javascript/bootstrap.min.js HTTP/1.0" 200 7679 "http://some-blog.ru/rastyazhka/6-faktov-o-gibkosti/" "Mozilla/5.0 (Windows NT 6.1; Win64; x64) AppleWebKit/537.36 (KHTML, like Gecko) Chrome/63.0.3239.132 Safari/537.36 OPR/50.0.2762.67"
95.47.104.11 - - [24/Jan/2018:00:08:00 +0300] "GET /wp-content/themes/sark-press/javascript/sarkpress_script.js HTTP/1.0" 200 137 "http://some-blog.ru/rastyazhka/6-faktov-o-gibkosti/" "Mozilla/5.0 (Windows NT 6.1; Win64; x64) AppleWebKit/537.36 (KHTML, like Gecko) Chrome/63.0.3239.132 Safari/537.36 OPR/50.0.2762.67"
95.47.104.11 - - [24/Jan/2018:00:08:01 +0300] "GET /wp-content/plugins/wp-postratings/postratings-js.js?ver=1.82 HTTP/1.0" 200 752 "http://some-blog.ru/rastyazhka/6-faktov-o-gibkosti/" "Mozilla/5.0 (Windows NT 6.1; Win64; x64) AppleWebKit/537.36 (KHTML, like Gecko) Chrome/63.0.3239.132 Safari/537.36 OPR/50.0.2762.67"
95.47.104.11 - - [24/Jan/2018:00:08:01 +0300] "GET /wp-includes/js/comment-reply.min.js?ver=4.6.1 HTTP/1.0" 200 589 "http://some-blog.ru/rastyazhka/6-faktov-o-gibkosti/" "Mozilla/5.0 (Windows NT 6.1; Win64; x64) AppleWebKit/537.36 (KHTML, like Gecko) Chrome/63.0.3239.132 Safari/537.36 OPR/50.0.2762.67"
95.47.104.11 - - [24/Jan/2018:00:08:01 +0300] "GET /wp-includes/js/wp-embed.min.js?ver=4.6.1 HTTP/1.0" 200 750 "http://some-blog.ru/rastyazhka/6-faktov-o-gibkosti/" "Mozilla/5.0 (Windows NT 6.1; Win64; x64) AppleWebKit/537.36 (KHTML, like Gecko) Chrome/63.0.3239.132 Safari/537.36 OPR/50.0.2762.67"
95.47.104.11 - - [24/Jan/2018:00:08:01 +0300] "GET /wp-content/uploads/2011/11/Young_man_is_warming-up_at_the_morning-resized.jpg HTTP/1.0" 200 41960 "http://some-blog.ru/rastyazhka/6-faktov-o-gibkosti/" "Mozilla/5.0 (Windows NT 6.1; Win64; x64) AppleWebKit/537.36 (KHTML, like Gecko) Chrome/63.0.3239.132 Safari/537.36 OPR/50.0.2762.67"
95.47.104.11 - - [24/Jan/2018:00:08:01 +0300] "GET /wp-content/plugins/wp-postratings/images/stars/rating_on.gif HTTP/1.0" 200 523 "http://some-blog.ru/rastyazhka/6-faktov-o-gibkosti/" "Mozilla/5.0 (Windows NT 6.1; Win64; x64) AppleWebKit/537.36 (KHTML, like Gecko) Chrome/63.0.3239.132 Safari/537.36 OPR/50.0.2762.67"
95.47.104.11 - - [24/Jan/2018:00:08:01 +0300] "GET /wp-content/plugins/wp-postratings/images/stars/rating_half.gif HTTP/1.0" 200 523 "http://some-blog.ru/rastyazhka/6-faktov-o-gibkosti/" "Mozilla/5.0 (Windows NT 6.1; Win64; x64) AppleWebKit/537.36 (KHTML, like Gecko) Chrome/63.0.3239.132 Safari/537.36 OPR/50.0.2762.67"
95.47.104.11 - - [24/Jan/2018:00:08:01 +0300] "GET /wp-content/plugins/wp-postratings/images/loading.gif HTTP/1.0" 200 771 "http://some-blog.ru/rastyazhka/6-faktov-o-gibkosti/" "Mozilla/5.0 (Windows NT 6.1; Win64; x64) AppleWebKit/537.36 (KHTML, like Gecko) Chrome/63.0.3239.132 Safari/537.36 OPR/50.0.2762.67"
95.47.104.11 - - [24/Jan/2018:00:08:01 +0300] "GET /wp-includes/js/wp-emoji-release.min.js?ver=4.6.1 HTTP/1.0" 200 4012 "http://some-blog.ru/rastyazhka/6-faktov-o-gibkosti/" "Mozilla/5.0 (Windows NT 6.1; Win64; x64) AppleWebKit/537.36 (KHTML, like Gecko) Chrome/63.0.3239.132 Safari/537.36 OPR/50.0.2762.67"
95.47.104.11 - - [24/Jan/2018:00:08:03 +0300] "GET /wp-content/themes/sark-press/fonts/font-awesome/fontawesome-webfont.woff?v=4.0.3 HTTP/1.0" 200 44432 "http://some-blog.ru/wp-content/themes/sark-press/stylesheet/font-awesome.min.css?ver=20121010" "Mozilla/5.0 (Windows NT 6.1; Win64; x64) AppleWebKit/537.36 (KHTML, like Gecko) Chrome/63.0.3239.132 Safari/537.36 OPR/50.0.2762.67"
95.47.104.11 - - [24/Jan/2018:00:08:03 +0300] "GET /wp-content/plugins/wp-postratings/images/stars/rating_over.gif HTTP/1.0" 200 920 "http://some-blog.ru/rastyazhka/6-faktov-o-gibkosti/" "Mozilla/5.0 (Windows NT 6.1; Win64; x64) AppleWebKit/537.36 (KHTML, like Gecko) Chrome/63.0.3239.132 Safari/537.36 OPR/50.0.2762.67"
178.219.46.89 - - [24/Jan/2018:00:08:09 +0300] "GET /rastyazhka/skolko-nuzhno-vremeni-chtoby-sest-na-shpagat/ HTTP/1.0" 200 11749 "https://www.google.ru/" "Mozilla/5.0 (iPhone; CPU iPhone OS 11_1_1 like Mac OS X) AppleWebKit/604.3.5 (KHTML, like Gecko) Version/11.0 Mobile/15B150 Safari/604.1"
178.219.46.89 - - [24/Jan/2018:00:08:10 +0300] "GET /wp-content/plugins/wp-postratings/postratings-css.css?ver=1.82 HTTP/1.0" 200 425 "http://some-blog.ru/rastyazhka/skolko-nuzhno-vremeni-chtoby-sest-na-shpagat/" "Mozilla/5.0 (iPhone; CPU iPhone OS 11_1_1 like Mac OS X) AppleWebKit/604.3.5 (KHTML, like Gecko) Version/11.0 Mobile/15B150 Safari/604.1"
178.219.46.89 - - [24/Jan/2018:00:08:10 +0300] "GET /wp-content/themes/sark-press/stylesheet/font-awesome.min.css?ver=20121010 HTTP/1.0" 200 4015 "http://some-blog.ru/rastyazhka/skolko-nuzhno-vremeni-chtoby-sest-na-shpagat/" "Mozilla/5.0 (iPhone; CPU iPhone OS 11_1_1 like Mac OS X) AppleWebKit/604.3.5 (KHTML, like Gecko) Version/11.0 Mobile/15B150 Safari/604.1"
178.219.46.89 - - [24/Jan/2018:00:08:10 +0300] "GET /wp-content/themes/sark-press/stylesheet/fonts.css?ver=20121010 HTTP/1.0" 200 279 "http://some-blog.ru/rastyazhka/skolko-nuzhno-vremeni-chtoby-sest-na-shpagat/" "Mozilla/5.0 (iPhone; CPU iPhone OS 11_1_1 like Mac OS X) AppleWebKit/604.3.5 (KHTML, like Gecko) Version/11.0 Mobile/15B150 Safari/604.1"
178.219.46.89 - - [24/Jan/2018:00:08:10 +0300] "GET /wp-content/themes/sark-press/stylesheet/bootstrap-theme.min.css?ver=20121010 HTTP/1.0" 200 1747 "http://some-blog.ru/rastyazhka/skolko-nuzhno-vremeni-chtoby-sest-na-shpagat/" "Mozilla/5.0 (iPhone; CPU iPhone OS 11_1_1 like Mac OS X) AppleWebKit/604.3.5 (KHTML, like Gecko) Version/11.0 Mobile/15B150 Safari/604.1"
178.219.46.89 - - [24/Jan/2018:00:08:10 +0300] "GET /wp-content/themes/sark-press/stylesheet/bootstrap.css?ver=20121010 HTTP/1.0" 200 19519 "http://some-blog.ru/rastyazhka/skolko-nuzhno-vremeni-chtoby-sest-na-shpagat/" "Mozilla/5.0 (iPhone; CPU iPhone OS 11_1_1 like Mac OS X) AppleWebKit/604.3.5 (KHTML, like Gecko) Version/11.0 Mobile/15B150 Safari/604.1"
178.219.46.89 - - [24/Jan/2018:00:08:10 +0300] "GET /wp-content/themes/sark-press/style.css?ver=20121010 HTTP/1.0" 200 5078 "http://some-blog.ru/rastyazhka/skolko-nuzhno-vremeni-chtoby-sest-na-shpagat/" "Mozilla/5.0 (iPhone; CPU iPhone OS 11_1_1 like Mac OS X) AppleWebKit/604.3.5 (KHTML, like Gecko) Version/11.0 Mobile/15B150 Safari/604.1"
178.219.46.89 - - [24/Jan/2018:00:08:10 +0300] "GET /wp-content/plugins/extended-categories-widget/4.2/css/avh-ec.widget.css?ver=3.10.0-dev.1 HTTP/1.0" 200 121 "http://some-blog.ru/rastyazhka/skolko-nuzhno-vremeni-chtoby-sest-na-shpagat/" "Mozilla/5.0 (iPhone; CPU iPhone OS 11_1_1 like Mac OS X) AppleWebKit/604.3.5 (KHTML, like Gecko) Version/11.0 Mobile/15B150 Safari/604.1"
