37.215.63.150 - - [24/Jan/2018:01:26:35 +0300] "GET /trenirovki/kak-sest-na-shpagat-v-domashnix-usloviyax-uprazhneniya/ HTTP/1.0" 200 22084 "http://some-blog.ru/trenirovki/kak-sest-na-shpagat-v-domashnix-usloviyax-uprazhneniya/" "Mozilla/5.0 (Linux; Android 5.0.2; ASUS_Z00RD Build/LRX22G; wv) AppleWebKit/537.36 (KHTML, like Gecko) Version/4.0 Chrome/49.0.2623.108 Mobile Safari/537.36"
37.215.63.150 - - [24/Jan/2018:01:26:35 +0300] "GET /trenirovki/kak-sest-na-shpagat-v-domashnix-usloviyax-uprazhneniya/?cf_action=sync_comments&post_id=402 HTTP/1.0" 200 173 "http://some-blog.ru/trenirovki/kak-sest-na-shpagat-v-domashnix-usloviyax-uprazhneniya/" "Mozilla/5.0 (Linux; Android 5.0.2; ASUS_Z00RD Build/LRX22G; wv) AppleWebKit/537.36 (KHTML, like Gecko) Version/4.0 Chrome/49.0.2623.108 Mobile Safari/537.36"
37.215.63.150 - - [24/Jan/2018:01:26:38 +0300] "GET /trenirovki/kak-sest-na-shpagat-v-domashnix-usloviyax-uprazhneniya/ HTTP/1.0" 200 22084 "http://some-blog.ru/trenirovki/kak-sest-na-shpagat-v-domashnix-usloviyax-uprazhneniya/" "Mozilla/5.0 (Linux; Android 5.0.2; ASUS_Z00RD Build/LRX22G; wv) AppleWebKit/537.36 (KHTML, like Gecko) Version/4.0 Chrome/49.0.2623.108 Mobile Safari/537.36"
213.87.144.188 - - [24/Jan/2018:01:28:37 +0300] "GET /trenirovki/kak-sest-na-shpagat-v-domashnix-usloviyax-uprazhneniya/ HTTP/1.0" 200 22084 "https://www.google.ru/" "Mozilla/5.0 (iPhone; CPU iPhone OS 11_2_1 like Mac OS X) AppleWebKit/604.4.7 (KHTML, like Gecko) Version/11.0 Mobile/15C153 Safari/604.1"
213.87.144.188 - - [24/Jan/2018:01:28:37 +0300] "GET /wp-content/plugins/wp-postratings/postratings-css.css?ver=1.82 HTTP/1.0" 200 425 "http://some-blog.ru/trenirovki/kak-sest-na-shpagat-v-domashnix-usloviyax-uprazhneniya/" "Mozilla/5.0 (iPhone; CPU iPhone OS 11_2_1 like Mac OS X) AppleWebKit/604.4.7 (KHTML, like Gecko) Version/11.0 Mobile/15C153 Safari/604.1"
213.87.144.188 - - [24/Jan/2018:01:28:37 +0300] "GET /wp-content/themes/sark-press/stylesheet/font-awesome.min.css?ver=20121010 HTTP/1.0" 200 4015 "http://some-blog.ru/trenirovki/kak-sest-na-shpagat-v-domashnix-usloviyax-uprazhneniya/" "Mozilla/5.0 (iPhone; CPU iPhone OS 11_2_1 like Mac OS X) AppleWebKit/604.4.7 (KHTML, like Gecko) Version/11.0 Mobile/15C153 Safari/604.1"
213.87.144.188 - - [24/Jan/2018:01:28:37 +0300] "GET /wp-content/themes/sark-press/stylesheet/bootstrap-theme.min.css?ver=20121010 HTTP/1.0" 200 1747 "http://some-blog.ru/trenirovki/kak-sest-na-shpagat-v-domashnix-usloviyax-uprazhneniya/" "Mozilla/5.0 (iPhone; CPU iPhone OS 11_2_1 like Mac OS X) AppleWebKit/604.4.7 (KHTML, like Gecko) Version/11.0 Mobile/15C153 Safari/604.1"
213.87.144.188 - - [24/Jan/2018:01:28:37 +0300] "GET /wp-content/themes/sark-press/stylesheet/fonts.css?ver=20121010 HTTP/1.0" 200 279 "http://some-blog.ru/trenirovki/kak-sest-na-shpagat-v-domashnix-usloviyax-uprazhneniya/" "Mozilla/5.0 (iPhone; CPU iPhone OS 11_2_1 like Mac OS X) AppleWebKit/604.4.7 (KHTML, like Gecko) Version/11.0 Mobile/15C153 Safari/604.1"
213.87.144.188 - - [24/Jan/2018:01:28:37 +0300] "GET /wp-content/themes/sark-press/stylesheet/bootstrap.css?ver=20121010 HTTP/1.0" 200 19519 "http://some-blog.ru/trenirovki/kak-sest-na-shpagat-v-domashnix-usloviyax-uprazhneniya/" "Mozilla/5.0 (iPhone; CPU iPhone OS 11_2_1 like Mac OS X) AppleWebKit/604.4.7 (KHTML, like Gecko) Version/11.0 Mobile/15C153 Safari/604.1"
213.87.144.188 - - [24/Jan/2018:01:28:37 +0300] "GET /wp-content/themes/sark-press/style.css?ver=20121010 HTTP/1.0" 200 5078 "http://some-blog.ru/trenirovki/kak-sest-na-shpagat-v-domashnix-usloviyax-uprazhneniya/" "Mozilla/5.0 (iPhone; CPU iPhone OS 11_2_1 like Mac OS X) AppleWebKit/604.4.7 (KHTML, like Gecko) Version/11.0 Mobile/15C153 Safari/604.1"
213.87.144.188 - - [24/Jan/2018:01:28:37 +0300] "GET /wp-content/plugins/wp-pagenavi/pagenavi-css.css?ver=2.70 HTTP/1.0" 200 239 "http://some-blog.ru/trenirovki/kak-sest-na-shpagat-v-domashnix-usloviyax-uprazhneniya/" "Mozilla/5.0 (iPhone; CPU iPhone OS 11_2_1 like Mac OS X) AppleWebKit/604.4.7 (KHTML, like Gecko) Version/11.0 Mobile/15C153 Safari/604.1"
213.87.144.188 - - [24/Jan/2018:01:28:37 +0300] "GET /wp-content/plugins/extended-categories-widget/4.2/css/avh-ec.widget.css?ver=3.10.0-dev.1 HTTP/1.0" 200 121 "http://some-blog.ru/trenirovki/kak-sest-na-shpagat-v-domashnix-usloviyax-uprazhneniya/" "Mozilla/5.0 (iPhone; CPU iPhone OS 11_2_1 like Mac OS X) AppleWebKit/604.4.7 (KHTML, like Gecko) Version/11.0 Mobile/15C153 Safari/604.1"
213.87.144.188 - - [24/Jan/2018:01:28:37 +0300] "GET /wp-includes/js/jquery/jquery.js?ver=1.12.4 HTTP/1.0" 200 33766 "http://some-blog.ru/trenirovki/kak-sest-na-shpagat-v-domashnix-usloviyax-uprazhneniya/" "Mozilla/5.0 (iPhone; CPU iPhone OS 11_2_1 like Mac OS X) AppleWebKit/604.4.7 (KHTML, like Gecko) Version/11.0 Mobile/15C153 Safari/604.1"
213.87.144.188 - - [24/Jan/2018:01:28:37 +0300] "GET /wp-includes/js/jquery/jquery-migrate.min.js?ver=1.4.1 HTTP/1.0" 200 4014 "http://some-blog.ru/trenirovki/kak-sest-na-shpagat-v-domashnix-usloviyax-uprazhneniya/" "Mozilla/5.0 (iPhone; CPU iPhone OS 11_2_1 like Mac OS X) AppleWebKit/604.4.7 (KHTML, like Gecko) Version/11.0 Mobile/15C153 Safari/604.1"
213.87.144.188 - - [24/Jan/2018:01:28:37 +0300] "GET /wp-content/plugins/q2w3-fixed-widget/js/q2w3-fixed-widget.min.js?ver=4.0.5 HTTP/1.0" 200 805 "http://some-blog.ru/trenirovki/kak-sest-na-shpagat-v-domashnix-usloviyax-uprazhneniya/" "Mozilla/5.0 (iPhone; CPU iPhone OS 11_2_1 like Mac OS X) AppleWebKit/604.4.7 (KHTML, like Gecko) Version/11.0 Mobile/15C153 Safari/604.1"
213.87.144.188 - - [24/Jan/2018:01:28:37 +0300] "GET /wp-content/themes/sark-press/javascript/bootstrap.min.js HTTP/1.0" 200 7679 "http://some-blog.ru/trenirovki/kak-sest-na-shpagat-v-domashnix-usloviyax-uprazhneniya/" "Mozilla/5.0 (iPhone; CPU iPhone OS 11_2_1 like Mac OS X) AppleWebKit/604.4.7 (KHTML, like Gecko) Version/11.0 Mobile/15C153 Safari/604.1"
213.87.144.188 - - [24/Jan/2018:01:28:37 +0300] "GET /wp-content/themes/sark-press/javascript/sarkpress_script.js HTTP/1.0" 200 137 "http://some-blog.ru/trenirovki/kak-sest-na-shpagat-v-domashnix-usloviyax-uprazhneniya/" "Mozilla/5.0 (iPhone; CPU iPhone OS 11_2_1 like Mac OS X) AppleWebKit/604.4.7 (KHTML, like Gecko) Version/11.0 Mobile/15C153 Safari/604.1"
213.87.144.188 - - [24/Jan/2018:01:28:37 +0300] "GET /wp-content/plugins/wp-postratings/postratings-js.js?ver=1.82 HTTP/1.0" 200 752 "http://some-blog.ru/trenirovki/kak-sest-na-shpagat-v-domashnix-usloviyax-uprazhneniya/" "Mozilla/5.0 (iPhone; CPU iPhone OS 11_2_1 like Mac OS X) AppleWebKit/604.4.7 (KHTML, like Gecko) Version/11.0 Mobile/15C153 Safari/604.1"
213.87.144.188 - - [24/Jan/2018:01:28:37 +0300] "GET /wp-includes/js/comment-reply.min.js?ver=4.6.1 HTTP/1.0" 200 589 "http://some-blog.ru/trenirovki/kak-sest-na-shpagat-v-domashnix-usloviyax-uprazhneniya/" "Mozilla/5.0 (iPhone; CPU iPhone OS 11_2_1 like Mac OS X) AppleWebKit/604.4.7 (KHTML, like Gecko) Version/11.0 Mobile/15C153 Safari/604.1"
213.87.144.188 - - [24/Jan/2018:01:28:37 +0300] "GET /wp-includes/js/wp-embed.min.js?ver=4.6.1 HTTP/1.0" 200 750 "http://some-blog.ru/trenirovki/kak-sest-na-shpagat-v-domashnix-usloviyax-uprazhneniya/" "Mozilla/5.0 (iPhone; CPU iPhone OS 11_2_1 like Mac OS X) AppleWebKit/604.4.7 (KHTML, like Gecko) Version/11.0 Mobile/15C153 Safari/604.1"
213.87.144.188 - - [24/Jan/2018:01:28:37 +0300] "GET /wp-content/plugins/wp-postratings/images/stars/rating_on.gif HTTP/1.0" 200 523 "http://some-blog.ru/trenirovki/kak-sest-na-shpagat-v-domashnix-usloviyax-uprazhneniya/" "Mozilla/5.0 (iPhone; CPU iPhone OS 11_2_1 like Mac OS X) AppleWebKit/604.4.7 (KHTML, like Gecko) Version/11.0 Mobile/15C153 Safari/604.1"
213.87.144.188 - - [24/Jan/2018:01:28:37 +0300] "GET /wp-content/plugins/wp-postratings/images/loading.gif HTTP/1.0" 200 771 "http://some-blog.ru/trenirovki/kak-sest-na-shpagat-v-domashnix-usloviyax-uprazhneniya/" "Mozilla/5.0 (iPhone; CPU iPhone OS 11_2_1 like Mac OS X) AppleWebKit/604.4.7 (KHTML, like Gecko) Version/11.0 Mobile/15C153 Safari/604.1"
213.87.144.188 - - [24/Jan/2018:01:28:38 +0300] "GET /wp-content/themes/sark-press/fonts/font-awesome/fontawesome-webfont.woff?v=4.0.3 HTTP/1.0" 200 44432 "http://some-blog.ru/trenirovki/kak-sest-na-shpagat-v-domashnix-usloviyax-uprazhneniya/" "Mozilla/5.0 (iPhone; CPU iPhone OS 11_2_1 like Mac OS X) AppleWebKit/604.4.7 (KHTML, like Gecko) Version/11.0 Mobile/15C153 Safari/604.1"
213.87.144.188 - - [24/Jan/2018:01:28:38 +0300] "GET /wp-content/plugins/wp-postratings/images/stars/rating_over.gif HTTP/1.0" 200 920 "http://some-blog.ru/trenirovki/kak-sest-na-shpagat-v-domashnix-usloviyax-uprazhneniya/" "Mozilla/5.0 (iPhone; CPU iPhone OS 11_2_1 like Mac OS X) AppleWebKit/604.4.7 (KHTML, like Gecko) Version/11.0 Mobile/15C153 Safari/604.1"
213.87.144.188 - - [24/Jan/2018:01:28:45 +0300] "GET /trenirovki/kak-sest-na-shpagat-v-domashnix-usloviyax-uprazhneniya/?cf_action=sync_comments&post_id=402 HTTP/1.0" 200 172 "http://some-blog.ru/trenirovki/kak-sest-na-shpagat-v-domashnix-usloviyax-uprazhneniya/" "Mozilla/5.0 (iPhone; CPU iPhone OS 11_2_1 like Mac OS X) AppleWebKit/604.4.7 (KHTML, like Gecko) Version/11.0 Mobile/15C153 Safari/604.1"
92.40.249.0 - - [24/Jan/2018:01:28:57 +0300] "GET /trenirovki/kak-sest-na-shpagat-v-domashnix-usloviyax-uprazhneniya/ HTTP/1.0" 200 22084 "https://www.google.co.uk/" "Mozilla/5.0 (iPhone; CPU iPhone OS 11_2_1 like Mac OS X) AppleWebKit/604.4.7 (KHTML, like Gecko) Version/11.0 Mobile/15C153 Safari/604.1"
92.40.249.0 - - [24/Jan/2018:01:28:57 +0300] "GET /wp-content/themes/sark-press/stylesheet/bootstrap-theme.min.css?ver=20121010 HTTP/1.0" 200 1747 "http://some-blog.ru/trenirovki/kak-sest-na-shpagat-v-domashnix-usloviyax-uprazhneniya/" "Mozilla/5.0 (iPhone; CPU iPhone OS 11_2_1 like Mac OS X) AppleWebKit/604.4.7 (KHTML, like Gecko) Version/11.0 Mobile/15C153 Safari/604.1"
92.40.249.0 - - [24/Jan/2018:01:28:57 +0300] "GET /wp-content/plugins/wp-postratings/postratings-css.css?ver=1.82 HTTP/1.0" 200 425 "http://some-blog.ru/trenirovki/kak-sest-na-shpagat-v-domashnix-usloviyax-uprazhneniya/" "Mozilla/5.0 (iPhone; CPU iPhone OS 11_2_1 like Mac OS X) AppleWebKit/604.4.7 (KHTML, like Gecko) Version/11.0 Mobile/15C153 Safari/604.1"
92.40.249.0 - - [24/Jan/2018:01:28:57 +0300] "GET /wp-content/themes/sark-press/stylesheet/font-awesome.min.css?ver=20121010 HTTP/1.0" 200 4015 "http://some-blog.ru/trenirovki/kak-sest-na-shpagat-v-domashnix-usloviyax-uprazhneniya/" "Mozilla/5.0 (iPhone; CPU iPhone OS 11_2_1 like Mac OS X) AppleWebKit/604.4.7 (KHTML, like Gecko) Version/11.0 Mobile/15C153 Safari/604.1"
92.40.249.0 - - [24/Jan/2018:01:28:57 +0300] "GET /wp-content/themes/sark-press/stylesheet/fonts.css?ver=20121010 HTTP/1.0" 200 279 "http://some-blog.ru/trenirovki/kak-sest-na-shpagat-v-domashnix-usloviyax-uprazhneniya/" "Mozilla/5.0 (iPhone; CPU iPhone OS 11_2_1 like Mac OS X) AppleWebKit/604.4.7 (KHTML, like Gecko) Version/11.0 Mobile/15C153 Safari/604.1"
92.40.249.0 - - [24/Jan/2018:01:28:57 +0300] "GET /wp-content/themes/sark-press/stylesheet/bootstrap.css?ver=20121010 HTTP/1.0" 200 19519 "http://some-blog.ru/trenirovki/kak-sest-na-shpagat-v-domashnix-usloviyax-uprazhneniya/" "Mozilla/5.0 (iPhone; CPU iPhone OS 11_2_1 like Mac OS X) AppleWebKit/604.4.7 (KHTML, like Gecko) Version/11.0 Mobile/15C153 Safari/604.1"
92.40.249.0 - - [24/Jan/2018:01:28:57 +0300] "GET /wp-content/plugins/extended-categories-widget/4.2/css/avh-ec.widget.css?ver=3.10.0-dev.1 HTTP/1.0" 200 121 "http://some-blog.ru/trenirovki/kak-sest-na-shpagat-v-domashnix-usloviyax-uprazhneniya/" "Mozilla/5.0 (iPhone; CPU iPhone OS 11_2_1 like Mac OS X) AppleWebKit/604.4.7 (KHTML, like Gecko) Version/11.0 Mobile/15C153 Safari/604.1"
92.40.249.0 - - [24/Jan/2018:01:28:57 +0300] "GET /wp-content/plugins/wp-pagenavi/pagenavi-css.css?ver=2.70 HTTP/1.0" 200 239 "http://some-blog.ru/trenirovki/kak-sest-na-shpagat-v-domashnix-usloviyax-uprazhneniya/" "Mozilla/5.0 (iPhone; CPU iPhone OS 11_2_1 like Mac OS X) AppleWebKit/604.4.7 (KHTML, like Gecko) Version/11.0 Mobile/15C153 Safari/604.1"
92.40.249.0 - - [24/Jan/2018:01:28:57 +0300] "GET /wp-content/themes/sark-press/style.css?ver=20121010 HTTP/1.0" 200 5078 "http://some-blog.ru/trenirovki/kak-sest-na-shpagat-v-domashnix-usloviyax-uprazhneniya/" "Mozilla/5.0 (iPhone; CPU iPhone OS 11_2_1 like Mac OS X) AppleWebKit/604.4.7 (KHTML, like Gecko) Version/11.0 Mobile/15C153 Safari/604.1"
92.40.249.0 - - [24/Jan/2018:01:28:57 +0300] "GET /wp-includes/js/jquery/jquery.js?ver=1.12.4 HTTP/1.0" 200 33766 "http://some-blog.ru/trenirovki/kak-sest-na-shpagat-v-domashnix-usloviyax-uprazhneniya/" "Mozilla/5.0 (iPhone; CPU iPhone OS 11_2_1 like Mac OS X) AppleWebKit/604.4.7 (KHTML, like Gecko) Version/11.0 Mobile/15C153 Safari/604.1"
92.40.249.0 - - [24/Jan/2018:01:28:57 +0300] "GET /wp-includes/js/jquery/jquery-migrate.min.js?ver=1.4.1 HTTP/1.0" 200 4014 "http://some-blog.ru/trenirovki/kak-sest-na-shpagat-v-domashnix-usloviyax-uprazhneniya/" "Mozilla/5.0 (iPhone; CPU iPhone OS 11_2_1 like Mac OS X) AppleWebKit/604.4.7 (KHTML, like Gecko) Version/11.0 Mobile/15C153 Safari/604.1"
92.40.249.0 - - [24/Jan/2018:01:28:57 +0300] "GET /wp-content/plugins/q2w3-fixed-widget/js/q2w3-fixed-widget.min.js?ver=4.0.5 HTTP/1.0" 200 805 "http://some-blog.ru/trenirovki/kak-sest-na-shpagat-v-domashnix-usloviyax-uprazhneniya/" "Mozilla/5.0 (iPhone; CPU iPhone OS 11_2_1 like Mac OS X) AppleWebKit/604.4.7 (KHTML, like Gecko) Version/11.0 Mobile/15C153 Safari/604.1"
92.40.249.0 - - [24/Jan/2018:01:28:57 +0300] "GET /wp-content/themes/sark-press/javascript/bootstrap.min.js HTTP/1.0" 200 7679 "http://some-blog.ru/trenirovki/kak-sest-na-shpagat-v-domashnix-usloviyax-uprazhneniya/" "Mozilla/5.0 (iPhone; CPU iPhone OS 11_2_1 like Mac OS X) AppleWebKit/604.4.7 (KHTML, like Gecko) Version/11.0 Mobile/15C153 Safari/604.1"
92.40.249.0 - - [24/Jan/2018:01:28:57 +0300] "GET /wp-content/themes/sark-press/javascript/sarkpress_script.js HTTP/1.0" 200 137 "http://some-blog.ru/trenirovki/kak-sest-na-shpagat-v-domashnix-usloviyax-uprazhneniya/" "Mozilla/5.0 (iPhone; CPU iPhone OS 11_2_1 like Mac OS X) AppleWebKit/604.4.7 (KHTML, like Gecko) Version/11.0 Mobile/15C153 Safari/604.1"
92.40.249.0 - - [24/Jan/2018:01:28:57 +0300] "GET /wp-content/plugins/wp-postratings/postratings-js.js?ver=1.82 HTTP/1.0" 200 752 "http://some-blog.ru/trenirovki/kak-sest-na-shpagat-v-domashnix-usloviyax-uprazhneniya/" "Mozilla/5.0 (iPhone; CPU iPhone OS 11_2_1 like Mac OS X) AppleWebKit/604.4.7 (KHTML, like Gecko) Version/11.0 Mobile/15C153 Safari/604.1"
92.40.249.0 - - [24/Jan/2018:01:28:57 +0300] "GET /wp-includes/js/comment-reply.min.js?ver=4.6.1 HTTP/1.0" 200 589 "http://some-blog.ru/trenirovki/kak-sest-na-shpagat-v-domashnix-usloviyax-uprazhneniya/" "Mozilla/5.0 (iPhone; CPU iPhone OS 11_2_1 like Mac OS X) AppleWebKit/604.4.7 (KHTML, like Gecko) Version/11.0 Mobile/15C153 Safari/604.1"
92.40.249.0 - - [24/Jan/2018:01:28:58 +0300] "GET /wp-includes/js/wp-embed.min.js?ver=4.6.1 HTTP/1.0" 200 750 "http://some-blog.ru/trenirovki/kak-sest-na-shpagat-v-domashnix-usloviyax-uprazhneniya/" "Mozilla/5.0 (iPhone; CPU iPhone OS 11_2_1 like Mac OS X) AppleWebKit/604.4.7 (KHTML, like Gecko) Version/11.0 Mobile/15C153 Safari/604.1"
92.40.249.0 - - [24/Jan/2018:01:28:58 +0300] "GET /wp-content/plugins/wp-postratings/images/stars/rating_on.gif HTTP/1.0" 200 523 "http://some-blog.ru/trenirovki/kak-sest-na-shpagat-v-domashnix-usloviyax-uprazhneniya/" "Mozilla/5.0 (iPhone; CPU iPhone OS 11_2_1 like Mac OS X) AppleWebKit/604.4.7 (KHTML, like Gecko) Version/11.0 Mobile/15C153 Safari/604.1"
92.40.249.0 - - [24/Jan/2018:01:28:58 +0300] "GET /wp-content/plugins/wp-postratings/images/loading.gif HTTP/1.0" 200 771 "http://some-blog.ru/trenirovki/kak-sest-na-shpagat-v-domashnix-usloviyax-uprazhneniya/" "Mozilla/5.0 (iPhone; CPU iPhone OS 11_2_1 like Mac OS X) AppleWebKit/604.4.7 (KHTML, like Gecko) Version/11.0 Mobile/15C153 Safari/604.1"
92.40.249.0 - - [24/Jan/2018:01:28:58 +0300] "GET /wp-content/plugins/wp-postratings/images/stars/rating_over.gif HTTP/1.0" 200 920 "http://some-blog.ru/trenirovki/kak-sest-na-shpagat-v-domashnix-usloviyax-uprazhneniya/" "Mozilla/5.0 (iPhone; CPU iPhone OS 11_2_1 like Mac OS X) AppleWebKit/604.4.7 (KHTML, like Gecko) Version/11.0 Mobile/15C153 Safari/604.1"
92.40.249.0 - - [24/Jan/2018:01:28:58 +0300] "GET /wp-content/themes/sark-press/fonts/font-awesome/fontawesome-webfont.woff?v=4.0.3 HTTP/1.0" 200 44432 "http://some-blog.ru/trenirovki/kak-sest-na-shpagat-v-domashnix-usloviyax-uprazhneniya/" "Mozilla/5.0 (iPhone; CPU iPhone OS 11_2_1 like Mac OS X) AppleWebKit/604.4.7 (KHTML, like Gecko) Version/11.0 Mobile/15C153 Safari/604.1"
92.40.249.0 - - [24/Jan/2018:01:29:01 +0300] "GET /trenirovki/kak-sest-na-shpagat-v-domashnix-usloviyax-uprazhneniya/?cf_action=sync_comments&post_id=402 HTTP/1.0" 200 173 "http://some-blog.ru/trenirovki/kak-sest-na-shpagat-v-domashnix-usloviyax-uprazhneniya/" "Mozilla/5.0 (iPhone; CPU iPhone OS 11_2_1 like Mac OS X) AppleWebKit/604.4.7 (KHTML, like Gecko) Version/11.0 Mobile/15C153 Safari/604.1"
109.63.201.217 - - [24/Jan/2018:01:29:30 +0300] "GET /rastyazhka/kak-vypolnyat-uprazhneniya-na-rastyazhku-effektivnee/ HTTP/1.0" 200 13829 "http://yandex.ru/clck/jsredir?from=yandex.ru%3Bsearch%3Bweb%3B%3B&text=&etext=1675.vY37MY9H3uEV3e00Tg4z3Al3ywuq9vCW1smmNgzV6Ki8HWXOekFm_8iX4Fnfrfzs.4f3a94a3dda8bd80c5adb872ff5229620f3e21ac&uuid=&state=_BLhILn4SxNIvvL0W45KSic66uCIg23qh8iRG98qeIXmeppkgUc0YCYBcIrWNUha-mUlBiA3OhY&data=UlNrNmk5WktYejR0eWJFYk1LdmtxcmU5SFExek9UR1R3V0xpYzRhMUs0SDJ6TVp1a0gtR2JOTFlBMVdlSnJLYlR0RzFEbHJvUUdNRldGSHgxM0hmNDZ2NEl1cnVEelZZVHlseXZOYlJDRXkzVVVYUTlNLXNoMnozN2xzM2hIbHV6Z3luc0pIWTV0UTJFcG1kMUFsamMxVVhtRnhrVS10ckpVM0FPTHFBVEFyWGdaQlF4dHRYaGlhQnAya0Z1cVY5&b64e=2&sign=6e4495794054c03ba751a2faca3186b8&keyno=0&cst=AiuY0DBWFJ7IXge4WdYJQULnoVAFacUf0wdCXkL5zCPNmwR3IKFB4Q--y71Ep9rEqpsl-Fr1_sKuRh2eVNLmefzHunHUQKlCa0hoOZTy_vvtaT8LCOSaJ1-BNJH7zSKuOX8sn_HXnwxiRSHB1V8LbYJf0WYKpcpG&ref=orjY4mGPRjk5boDnW0uvlrrd71vZw9kp5uQozpMtKCXmyCrj7VrKuCxYl-I92C2TmwHg7BZ5ttafWk9W4UF3r-wSOZAY5kHYBV8iSfWiDKgfMQWT8-jDEw&l10n=ru&cts=1516742144443&mc=3.63648384715" "Mozilla/5.0 (compatible; MSIE 10.0; Windows NT 6.2; WOW64; Trident/6.0; MASPJS)"
109.63.201.217 - - [24/Jan/2018:01:29:30 +0300] "GET /wp-content/themes/sark-press/stylesheet/fonts.css?ver=20121010 HTTP/1.0" 200 279 "http://some-blog.ru/rastyazhka/kak-vypolnyat-uprazhneniya-na-rastyazhku-effektivnee/" "Mozilla/5.0 (compatible; MSIE 10.0; Windows NT 6.2; WOW64; Trident/6.0; MASPJS)"
109.63.201.217 - - [24/Jan/2018:01:29:30 +0300] "GET /wp-content/themes/sark-press/stylesheet/bootstrap-theme.min.css?ver=20121010 HTTP/1.0" 200 1747 "http://some-blog.ru/rastyazhka/kak-vypolnyat-uprazhneniya-na-rastyazhku-effektivnee/" "Mozilla/5.0 (compatible; MSIE 10.0; Windows NT 6.2; WOW64; Trident/6.0; MASPJS)"
109.63.201.217 - - [24/Jan/2018:01:29:30 +0300] "GET /wp-content/themes/sark-press/stylesheet/bootstrap.css?ver=20121010 HTTP/1.0" 200 19519 "http://some-blog.ru/rastyazhka/kak-vypolnyat-uprazhneniya-na-rastyazhku-effektivnee/" "Mozilla/5.0 (compatible; MSIE 10.0; Windows NT 6.2; WOW64; Trident/6.0; MASPJS)"
109.63.201.217 - - [24/Jan/2018:01:29:31 +0300] "GET /wp-content/plugins/wp-pagenavi/pagenavi-css.css?ver=2.70 HTTP/1.0" 200 239 "http://some-blog.ru/rastyazhka/kak-vypolnyat-uprazhneniya-na-rastyazhku-effektivnee/" "Mozilla/5.0 (compatible; MSIE 10.0; Windows NT 6.2; WOW64; Trident/6.0; MASPJS)"
109.63.201.217 - - [24/Jan/2018:01:29:31 +0300] "GET /wp-content/themes/sark-press/style.css?ver=20121010 HTTP/1.0" 200 5078 "http://some-blog.ru/rastyazhka/kak-vypolnyat-uprazhneniya-na-rastyazhku-effektivnee/" "Mozilla/5.0 (compatible; MSIE 10.0; Windows NT 6.2; WOW64; Trident/6.0; MASPJS)"
109.63.201.217 - - [24/Jan/2018:01:29:31 +0300] "GET /wp-content/themes/sark-press/stylesheet/font-awesome.min.css?ver=20121010 HTTP/1.0" 200 4015 "http://some-blog.ru/rastyazhka/kak-vypolnyat-uprazhneniya-na-rastyazhku-effektivnee/" "Mozilla/5.0 (compatible; MSIE 10.0; Windows NT 6.2; WOW64; Trident/6.0; MASPJS)"
109.63.201.217 - - [24/Jan/2018:01:29:31 +0300] "GET /wp-content/plugins/extended-categories-widget/4.2/css/avh-ec.widget.css?ver=3.10.0-dev.1 HTTP/1.0" 200 121 "http://some-blog.ru/rastyazhka/kak-vypolnyat-uprazhneniya-na-rastyazhku-effektivnee/" "Mozilla/5.0 (compatible; MSIE 10.0; Windows NT 6.2; WOW64; Trident/6.0; MASPJS)"
109.63.201.217 - - [24/Jan/2018:01:29:31 +0300] "GET /wp-includes/js/jquery/jquery.js?ver=1.12.4 HTTP/1.0" 200 33766 "http://some-blog.ru/rastyazhka/kak-vypolnyat-uprazhneniya-na-rastyazhku-effektivnee/" "Mozilla/5.0 (compatible; MSIE 10.0; Windows NT 6.2; WOW64; Trident/6.0; MASPJS)"
109.63.201.217 - - [24/Jan/2018:01:29:31 +0300] "GET /wp-content/plugins/q2w3-fixed-widget/js/q2w3-fixed-widget.min.js?ver=4.0.5 HTTP/1.0" 200 805 "http://some-blog.ru/rastyazhka/kak-vypolnyat-uprazhneniya-na-rastyazhku-effektivnee/" "Mozilla/5.0 (compatible; MSIE 10.0; Windows NT 6.2; WOW64; Trident/6.0; MASPJS)"
109.63.201.217 - - [24/Jan/2018:01:29:31 +0300] "GET /wp-content/themes/sark-press/javascript/bootstrap.min.js HTTP/1.0" 200 7679 "http://some-blog.ru/rastyazhka/kak-vypolnyat-uprazhneniya-na-rastyazhku-effektivnee/" "Mozilla/5.0 (compatible; MSIE 10.0; Windows NT 6.2; WOW64; Trident/6.0; MASPJS)"
178.140.207.180 - - [24/Jan/2018:01:29:30 +0300] "GET /rastyazhka/chto-nuzhno-delat-dlya-uluchsheniya-rezultatov-v-rastyazhke/ HTTP/1.0" 200 12275 "http://yandex.ru/clck/jsredir?from=yandex.ru%3Bsearch%3Bweb%3B%3B&text=&etext=1675.OSu16Oyz4qlVXQSZQXUmPak86jeOWS6GCRHhZWgHjqvHHQP3jeSDICL8rYadzoiW.ab93ff6f0776026d6a714855c83d80b2bf4b419e&uuid=&state=_BLhILn4SxNIvvL0W45KSic66uCIg23qh8iRG98qeIXmeppkgUc0YMkOSpatjLUqgxH-XWLwn-g&data=UlNrNmk5WktYejR0eWJFYk1LdmtxcmU5SFExek9UR1R3V0xpYzRhMUs0SDJ6TVp1a0gtR2JOTFlBMVdlSnJLYjRJbkNVMFRJMGRvM0FSa2pPT0tobzdtaFFvRVJEcU5hV3RuVUkwVGIyTmVSWV9FWlhSQy1Ib2ZfY0J0RFAzYlRlNlVjckVkTXRkb21RcXRoYzQ4dTJCRVJuaVVWTDJ4cU1MbWRkU2RJRmhXNldhZkhkcjZJQ0JIMW9iM3dpdEJSUHRNR1l1SzcwZHc&b64e=2&sign=3ffd4c3714dd381568bec064b33e9e2a&keyno=0&cst=AiuY0DBWFJ7IXge4WdYJQaYgAYq7Jarrv73GLIKjC_3-hpVV8tFHpodFifOM0SuhgPaSrL0uT2ToHCJPLC20NXrgN0k_6pF9wONDnj7lIpy0zUGa8Vc_XNbYYZnDNRLRj1OSoFJSJ-7m9XGynz2sRVNiw9zTtOuF&ref=orjY4mGPRjk5boDnW0uvlrrd71vZw9kp5uQozpMtKCX9U1h5sqoIO02Xa8QEcaVXUa-MZRVnYnHxXg4sbH0HZauLA5a7tOeGgTNXI6_YB1nZJZpQ2YEr6b0KOrRdy8bX&l10n=ru&cts=1516742144443&mc=4.75052598446" "Mozilla/5.0 (compatible; MSIE 10.0; Windows NT 6.1; Trident/6.0; Touch; MALNJS)"
109.63.201.217 - - [24/Jan/2018:01:29:31 +0300] "GET /wp-content/themes/sark-press/javascript/sarkpress_script.js HTTP/1.0" 200 137 "http://some-blog.ru/rastyazhka/kak-vypolnyat-uprazhneniya-na-rastyazhku-effektivnee/" "Mozilla/5.0 (compatible; MSIE 10.0; Windows NT 6.2; WOW64; Trident/6.0; MASPJS)"
46.147.120.18 - - [24/Jan/2018:01:29:31 +0300] "GET /rastyazhka/pochemu-vazhno-byt-gibkim-6-faktorov/ HTTP/1.0" 200 12700 "http://yandex.ru/clck/jsredir?from=yandex.ru%3Bsearch%3Bweb%3B%3B&text=&etext=1675.p4N8LDpjKd08Qbs456onwN1tcLlkwzgXeugpqcJruOdLQhXWJlmU9NELo-WX6W9X.f2677bb4a8be3c868ad1dab6ec2694ca430fb2f5&uuid=&state=_BLhILn4SxNIvvL0W45KSic66uCIg23qh8iRG98qeIXmeppkgUc0YD4hgzqAYr5iuWBiLZQy-rY&data=UlNrNmk5WktYejR0eWJFYk1LdmtxcmU5SFExek9UR1R3V0xpYzRhMUs0SDJ6TVp1a0gtR2JOTFlBMVdlSnJLYlBMUjBTN1g0S3lFV1prUTQwWlpoOGFUMWR0bER6cE1MMVV0eHdNaElXNk44VmJfSWJwcE81WUJXOVB1aXFTR3BzLW9Ta3BlWm5qUHlyMklrTHAydEpFcnlhYjZNWkxRbzl1amY2VC0zb1pB&b64e=2&sign=33cf93cc3afd46c8442a80b68faa4ff8&keyno=0&cst=AiuY0DBWFJ7IXge4WdYJQSaYtyyri96F_sLDIU2PMWJZf4-mmKP3hP62qrMh7Q1iD9KFj-sd7B_ZSUXVm_snwVunymL1TbCRsv7AZ6igCzh8cCp9CNGtSqsQ6m1XDc5MqEh-m89lprKf8yVfp-P1d45SpzmE1Vid&ref=orjY4mGPRjk5boDnW0uvlrrd71vZw9kp5uQozpMtKCXEfKO1imoOExkoJuAktOkl3jduWySTQ8Ojj1mFMO-NqJqJLfvBRfH-PlYKJHS5voxbXBLIv597Smf8e8jXckrT&l10n=ru&cts=1516742144444&mc=4.60320392033" "Mozilla/5.0 (compatible; MSIE 10.0; Windows NT 6.2; WOW64; Trident/6.0; MASMJS)"
46.147.120.18 - - [24/Jan/2018:01:29:32 +0300] "GET /wp-content/themes/sark-press/stylesheet/fonts.css?ver=20121010 HTTP/1.0" 200 279 "http://some-blog.ru/rastyazhka/pochemu-vazhno-byt-gibkim-6-faktorov/" "Mozilla/5.0 (compatible; MSIE 10.0; Windows NT 6.2; WOW64; Trident/6.0; MASMJS)"
46.147.120.18 - - [24/Jan/2018:01:29:32 +0300] "GET /wp-content/themes/sark-press/stylesheet/bootstrap.css?ver=20121010 HTTP/1.0" 200 19519 "http://some-blog.ru/rastyazhka/pochemu-vazhno-byt-gibkim-6-faktorov/" "Mozilla/5.0 (compatible; MSIE 10.0; Windows NT 6.2; WOW64; Trident/6.0; MASMJS)"
109.63.201.217 - - [24/Jan/2018:01:29:32 +0300] "GET /wp-includes/js/wp-emoji-release.min.js?ver=4.6.1 HTTP/1.0" 200 4012 "http://some-blog.ru/rastyazhka/kak-vypolnyat-uprazhneniya-na-rastyazhku-effektivnee/" "Mozilla/5.0 (compatible; MSIE 10.0; Windows NT 6.2; WOW64; Trident/6.0; MASPJS)"
46.147.120.18 - - [24/Jan/2018:01:29:32 +0300] "GET /wp-content/themes/sark-press/stylesheet/bootstrap-theme.min.css?ver=20121010 HTTP/1.0" 200 1747 "http://some-blog.ru/rastyazhka/pochemu-vazhno-byt-gibkim-6-faktorov/" "Mozilla/5.0 (compatible; MSIE 10.0; Windows NT 6.2; WOW64; Trident/6.0; MASMJS)"
178.140.207.180 - - [24/Jan/2018:01:29:32 +0300] "GET /wp-content/plugins/wp-postratings/postratings-css.css?ver=1.82 HTTP/1.0" 200 425 "http://some-blog.ru/rastyazhka/chto-nuzhno-delat-dlya-uluchsheniya-rezultatov-v-rastyazhke/" "Mozilla/5.0 (compatible; MSIE 10.0; Windows NT 6.1; Trident/6.0; Touch; MALNJS)"
178.140.207.180 - - [24/Jan/2018:01:29:32 +0300] "GET /wp-content/themes/sark-press/stylesheet/bootstrap-theme.min.css?ver=20121010 HTTP/1.0" 200 1747 "http://some-blog.ru/rastyazhka/chto-nuzhno-delat-dlya-uluchsheniya-rezultatov-v-rastyazhke/" "Mozilla/5.0 (compatible; MSIE 10.0; Windows NT 6.1; Trident/6.0; Touch; MALNJS)"
178.140.207.180 - - [24/Jan/2018:01:29:32 +0300] "GET /wp-content/themes/sark-press/stylesheet/bootstrap.css?ver=20121010 HTTP/1.0" 200 19519 "http://some-blog.ru/rastyazhka/chto-nuzhno-delat-dlya-uluchsheniya-rezultatov-v-rastyazhke/" "Mozilla/5.0 (compatible; MSIE 10.0; Windows NT 6.1; Trident/6.0; Touch; MALNJS)"
46.147.120.18 - - [24/Jan/2018:01:29:32 +0300] "GET /wp-content/themes/sark-press/style.css?ver=20121010 HTTP/1.0" 200 5078 "http://some-blog.ru/rastyazhka/pochemu-vazhno-byt-gibkim-6-faktorov/" "Mozilla/5.0 (compatible; MSIE 10.0; Windows NT 6.2; WOW64; Trident/6.0; MASMJS)"
46.147.120.18 - - [24/Jan/2018:01:29:33 +0300] "GET /wp-content/plugins/wp-pagenavi/pagenavi-css.css?ver=2.70 HTTP/1.0" 200 239 "http://some-blog.ru/rastyazhka/pochemu-vazhno-byt-gibkim-6-faktorov/" "Mozilla/5.0 (compatible; MSIE 10.0; Windows NT 6.2; WOW64; Trident/6.0; MASMJS)"
178.140.207.180 - - [24/Jan/2018:01:29:33 +0300] "GET /wp-content/plugins/wp-pagenavi/pagenavi-css.css?ver=2.70 HTTP/1.0" 200 239 "http://some-blog.ru/rastyazhka/chto-nuzhno-delat-dlya-uluchsheniya-rezultatov-v-rastyazhke/" "Mozilla/5.0 (compatible; MSIE 10.0; Windows NT 6.1; Trident/6.0; Touch; MALNJS)"
178.140.207.180 - - [24/Jan/2018:01:29:33 +0300] "GET /wp-content/themes/sark-press/stylesheet/font-awesome.min.css?ver=20121010 HTTP/1.0" 200 4015 "http://some-blog.ru/rastyazhka/chto-nuzhno-delat-dlya-uluchsheniya-rezultatov-v-rastyazhke/" "Mozilla/5.0 (compatible; MSIE 10.0; Windows NT 6.1; Trident/6.0; Touch; MALNJS)"
46.147.120.18 - - [24/Jan/2018:01:29:33 +0300] "GET /wp-content/plugins/extended-categories-widget/4.2/css/avh-ec.widget.css?ver=3.10.0-dev.1 HTTP/1.0" 200 121 "http://some-blog.ru/rastyazhka/pochemu-vazhno-byt-gibkim-6-faktorov/" "Mozilla/5.0 (compatible; MSIE 10.0; Windows NT 6.2; WOW64; Trident/6.0; MASMJS)"
178.140.207.180 - - [24/Jan/2018:01:29:33 +0300] "GET /wp-content/plugins/extended-categories-widget/4.2/css/avh-ec.widget.css?ver=3.10.0-dev.1 HTTP/1.0" 200 121 "http://some-blog.ru/rastyazhka/chto-nuzhno-delat-dlya-uluchsheniya-rezultatov-v-rastyazhke/" "Mozilla/5.0 (compatible; MSIE 10.0; Windows NT 6.1; Trident/6.0; Touch; MALNJS)"
178.140.207.180 - - [24/Jan/2018:01:29:33 +0300] "GET /wp-includes/js/jquery/jquery.js?ver=1.12.4 HTTP/1.0" 200 33766 "http://some-blog.ru/rastyazhka/chto-nuzhno-delat-dlya-uluchsheniya-rezultatov-v-rastyazhke/" "Mozilla/5.0 (compatible; MSIE 10.0; Windows NT 6.1; Trident/6.0; Touch; MALNJS)"
178.140.207.180 - - [24/Jan/2018:01:29:33 +0300] "GET /wp-includes/js/jquery/jquery-migrate.min.js?ver=1.4.1 HTTP/1.0" 200 4014 "http://some-blog.ru/rastyazhka/chto-nuzhno-delat-dlya-uluchsheniya-rezultatov-v-rastyazhke/" "Mozilla/5.0 (compatible; MSIE 10.0; Windows NT 6.1; Trident/6.0; Touch; MALNJS)"
178.140.207.180 - - [24/Jan/2018:01:29:33 +0300] "GET /wp-content/plugins/q2w3-fixed-widget/js/q2w3-fixed-widget.min.js?ver=4.0.5 HTTP/1.0" 200 805 "http://some-blog.ru/rastyazhka/chto-nuzhno-delat-dlya-uluchsheniya-rezultatov-v-rastyazhke/" "Mozilla/5.0 (compatible; MSIE 10.0; Windows NT 6.1; Trident/6.0; Touch; MALNJS)"
178.140.207.180 - - [24/Jan/2018:01:29:34 +0300] "GET /wp-includes/js/wp-emoji-release.min.js?ver=4.6.1 HTTP/1.0" 200 4012 "http://some-blog.ru/rastyazhka/chto-nuzhno-delat-dlya-uluchsheniya-rezultatov-v-rastyazhke/" "Mozilla/5.0 (compatible; MSIE 10.0; Windows NT 6.1; Trident/6.0; Touch; MALNJS)"
46.147.120.18 - - [24/Jan/2018:01:29:34 +0300] "GET /wp-includes/js/jquery/jquery.js?ver=1.12.4 HTTP/1.0" 200 33766 "http://some-blog.ru/rastyazhka/pochemu-vazhno-byt-gibkim-6-faktorov/" "Mozilla/5.0 (compatible; MSIE 10.0; Windows NT 6.2; WOW64; Trident/6.0; MASMJS)"
109.63.181.217 - - [24/Jan/2018:01:29:34 +0300] "GET /trenirovki/kak-ubrat-zhivot/ HTTP/1.0" 200 11645 "http://yandex.ru/clck/jsredir?from=yandex.ru%3Bsearch%3Bweb%3B%3B&text=&etext=1675.12VYmx2FB2lf9MDSPOuMWFhyrfjVahLyrpoz_pguCRsByC7HFn8G4iLcfA6svzmH.29e0ecc059172a99918c4e837ebbbb7ef8e18710&uuid=&state=_BLhILn4SxNIvvL0W45KSic66uCIg23qh8iRG98qeIXmeppkgUc0YOm24rr5dkiDnIjpu2TfUVc&data=UlNrNmk5WktYejR0eWJFYk1LdmtxcmU5SFExek9UR1R3V0xpYzRhMUs0R29NUU5xNk8yT1oyUy1fcWRBQVYzQ2hqaDRwQjVwamdUVTR1aERMRkhTMlhDT2p2MzY1bkxEclUtZWpEOHdla0NyeThlUk1laUNTNmpnVzR4YzlMWkdaaURLY1JDeThUT3RVb28yOFk3eVRR&b64e=2&sign=6f86ae8f62ade1fcc5b1dc499c2c9989&keyno=0&cst=AiuY0DBWFJ7IXge4WdYJQSaYtyyri96FJ5oIiaBlKFRTS6L8r-n5Hl8eVvoM3twsTmCxPtS8hClB_HfQe01zz2x6NUy599qooF_lI_AXmSIxDmlL8eGomhEalKmHaEiO1csPsLSdYjko9qhHXTeId_vYY1X-goQt&ref=orjY4mGPRjk5boDnW0uvlrrd71vZw9kp5uQozpMtKCWXVSTetKaqnHuoLWjNAKQ-wxsDsgL7ceQDom8ad9uXTSoH36B5Ib7DARsZGmvWK8zifu6xVsRGSg&l10n=ru&cts=1516742144444&mc=5.30378484451" "Mozilla/5.0 (compatible; MSIE 10.0; Windows NT 6.2; Trident/6.0; Touch; MAARJS)"
46.147.120.18 - - [24/Jan/2018:01:29:34 +0300] "GET /wp-includes/js/jquery/jquery-migrate.min.js?ver=1.4.1 HTTP/1.0" 200 4014 "http://some-blog.ru/rastyazhka/pochemu-vazhno-byt-gibkim-6-faktorov/" "Mozilla/5.0 (compatible; MSIE 10.0; Windows NT 6.2; WOW64; Trident/6.0; MASMJS)"
46.147.120.18 - - [24/Jan/2018:01:29:34 +0300] "GET /wp-content/plugins/q2w3-fixed-widget/js/q2w3-fixed-widget.min.js?ver=4.0.5 HTTP/1.0" 200 805 "http://some-blog.ru/rastyazhka/pochemu-vazhno-byt-gibkim-6-faktorov/" "Mozilla/5.0 (compatible; MSIE 10.0; Windows NT 6.2; WOW64; Trident/6.0; MASMJS)"
46.147.120.18 - - [24/Jan/2018:01:29:35 +0300] "GET /wp-content/themes/sark-press/javascript/sarkpress_script.js HTTP/1.0" 200 137 "http://some-blog.ru/rastyazhka/pochemu-vazhno-byt-gibkim-6-faktorov/" "Mozilla/5.0 (compatible; MSIE 10.0; Windows NT 6.2; WOW64; Trident/6.0; MASMJS)"
46.147.120.18 - - [24/Jan/2018:01:29:35 +0300] "GET /wp-content/themes/sark-press/javascript/bootstrap.min.js HTTP/1.0" 200 7679 "http://some-blog.ru/rastyazhka/pochemu-vazhno-byt-gibkim-6-faktorov/" "Mozilla/5.0 (compatible; MSIE 10.0; Windows NT 6.2; WOW64; Trident/6.0; MASMJS)"
109.63.181.217 - - [24/Jan/2018:01:29:35 +0300] "GET /wp-content/plugins/wp-postratings/postratings-css.css?ver=1.82 HTTP/1.0" 200 425 "http://some-blog.ru/trenirovki/kak-ubrat-zhivot/" "Mozilla/5.0 (compatible; MSIE 10.0; Windows NT 6.2; Trident/6.0; Touch; MAARJS)"
109.63.181.217 - - [24/Jan/2018:01:29:35 +0300] "GET /wp-content/themes/sark-press/stylesheet/fonts.css?ver=20121010 HTTP/1.0" 200 279 "http://some-blog.ru/trenirovki/kak-ubrat-zhivot/" "Mozilla/5.0 (compatible; MSIE 10.0; Windows NT 6.2; Trident/6.0; Touch; MAARJS)"
109.63.181.217 - - [24/Jan/2018:01:29:35 +0300] "GET /wp-content/themes/sark-press/stylesheet/bootstrap-theme.min.css?ver=20121010 HTTP/1.0" 200 1747 "http://some-blog.ru/trenirovki/kak-ubrat-zhivot/" "Mozilla/5.0 (compatible; MSIE 10.0; Windows NT 6.2; Trident/6.0; Touch; MAARJS)"
109.63.181.217 - - [24/Jan/2018:01:29:35 +0300] "GET /wp-content/themes/sark-press/stylesheet/bootstrap.css?ver=20121010 HTTP/1.0" 200 19519 "http://some-blog.ru/trenirovki/kak-ubrat-zhivot/" "Mozilla/5.0 (compatible; MSIE 10.0; Windows NT 6.2; Trident/6.0; Touch; MAARJS)"
109.63.181.217 - - [24/Jan/2018:01:29:35 +0300] "GET /wp-content/plugins/wp-pagenavi/pagenavi-css.css?ver=2.70 HTTP/1.0" 200 239 "http://some-blog.ru/trenirovki/kak-ubrat-zhivot/" "Mozilla/5.0 (compatible; MSIE 10.0; Windows NT 6.2; Trident/6.0; Touch; MAARJS)"
109.63.181.217 - - [24/Jan/2018:01:29:35 +0300] "GET /wp-content/themes/sark-press/stylesheet/font-awesome.min.css?ver=20121010 HTTP/1.0" 200 4015 "http://some-blog.ru/trenirovki/kak-ubrat-zhivot/" "Mozilla/5.0 (compatible; MSIE 10.0; Windows NT 6.2; Trident/6.0; Touch; MAARJS)"
109.63.181.217 - - [24/Jan/2018:01:29:35 +0300] "GET /wp-content/themes/sark-press/style.css?ver=20121010 HTTP/1.0" 200 5078 "http://some-blog.ru/trenirovki/kak-ubrat-zhivot/" "Mozilla/5.0 (compatible; MSIE 10.0; Windows NT 6.2; Trident/6.0; Touch; MAARJS)"
109.63.181.217 - - [24/Jan/2018:01:29:35 +0300] "GET /wp-content/plugins/extended-categories-widget/4.2/css/avh-ec.widget.css?ver=3.10.0-dev.1 HTTP/1.0" 200 121 "http://some-blog.ru/trenirovki/kak-ubrat-zhivot/" "Mozilla/5.0 (compatible; MSIE 10.0; Windows NT 6.2; Trident/6.0; Touch; MAARJS)"
109.63.181.217 - - [24/Jan/2018:01:29:35 +0300] "GET /wp-includes/js/jquery/jquery.js?ver=1.12.4 HTTP/1.0" 200 33766 "http://some-blog.ru/trenirovki/kak-ubrat-zhivot/" "Mozilla/5.0 (compatible; MSIE 10.0; Windows NT 6.2; Trident/6.0; Touch; MAARJS)"
46.147.120.18 - - [24/Jan/2018:01:29:36 +0300] "GET /wp-includes/js/wp-emoji-release.min.js?ver=4.6.1 HTTP/1.0" 200 4012 "http://some-blog.ru/rastyazhka/pochemu-vazhno-byt-gibkim-6-faktorov/" "Mozilla/5.0 (compatible; MSIE 10.0; Windows NT 6.2; WOW64; Trident/6.0; MASMJS)"
109.63.181.217 - - [24/Jan/2018:01:29:36 +0300] "GET /wp-content/themes/sark-press/javascript/bootstrap.min.js HTTP/1.0" 200 7679 "http://some-blog.ru/trenirovki/kak-ubrat-zhivot/" "Mozilla/5.0 (compatible; MSIE 10.0; Windows NT 6.2; Trident/6.0; Touch; MAARJS)"
109.63.181.217 - - [24/Jan/2018:01:29:36 +0300] "GET /wp-includes/js/jquery/jquery-migrate.min.js?ver=1.4.1 HTTP/1.0" 200 4014 "http://some-blog.ru/trenirovki/kak-ubrat-zhivot/" "Mozilla/5.0 (compatible; MSIE 10.0; Windows NT 6.2; Trident/6.0; Touch; MAARJS)"
109.63.181.217 - - [24/Jan/2018:01:29:36 +0300] "GET /wp-content/plugins/q2w3-fixed-widget/js/q2w3-fixed-widget.min.js?ver=4.0.5 HTTP/1.0" 200 805 "http://some-blog.ru/trenirovki/kak-ubrat-zhivot/" "Mozilla/5.0 (compatible; MSIE 10.0; Windows NT 6.2; Trident/6.0; Touch; MAARJS)"
109.63.181.217 - - [24/Jan/2018:01:29:36 +0300] "GET /wp-includes/js/wp-emoji-release.min.js?ver=4.6.1 HTTP/1.0" 200 4012 "http://some-blog.ru/trenirovki/kak-ubrat-zhivot/" "Mozilla/5.0 (compatible; MSIE 10.0; Windows NT 6.2; Trident/6.0; Touch; MAARJS)"
109.63.181.217 - - [24/Jan/2018:01:29:36 +0300] "GET /wp-content/themes/sark-press/javascript/sarkpress_script.js HTTP/1.0" 200 137 "http://some-blog.ru/trenirovki/kak-ubrat-zhivot/" "Mozilla/5.0 (compatible; MSIE 10.0; Windows NT 6.2; Trident/6.0; Touch; MAARJS)"
109.63.201.217 - - [24/Jan/2018:01:29:36 +0300] "GET /wp-content/themes/sark-press/fonts/font-awesome/fontawesome-webfont.eot?v=4.0.3 HTTP/1.0" 200 38205 "http://some-blog.ru/rastyazhka/kak-vypolnyat-uprazhneniya-na-rastyazhku-effektivnee/" "Mozilla/5.0 (compatible; MSIE 10.0; Windows NT 6.2; WOW64; Trident/6.0; MASPJS)"
87.228.18.98 - - [24/Jan/2018:01:29:38 +0300] "GET /zdorove/3-effektivnyx-uprazhneniya-pri-vzdutii-zhivota/ HTTP/1.0" 200 10895 "http://yandex.ru/clck/jsredir?from=yandex.ru%3Bsearch%3Bweb%3B%3B&text=&etext=1675.DWMRyp-ePTAgPS878iR0qLDL-v3lIya9zyUXJ0QxQ4p54HAE8jU8AwK-th4M7rgX.7765a75f2ef7f9fd62b6aa54b18e60af1c854592&uuid=&state=_BLhILn4SxNIvvL0W45KSic66uCIg23qh8iRG98qeIXmeppkgUc0YKCJkrjchpDstTwxTkjwGrA&data=UlNrNmk5WktYejR0eWJFYk1LdmtxcmU5SFExek9UR1R3V0xpYzRhMUs0R2I2X3J1T0gtMFVhbWE3aldIMlJrcl9SdjhNa1VQTU45dl9jVWNvRUNHMUdKSlQwenFBNmRwU0ctdkJtVXltcmdWZHRydHNfWWcyaEpveFQ5T3VucmdoYUdqLTRMSS0yeVlvSWZxdkNYOUdsRHhDNWFfN21ZaWlBWm1mdFZVa3VqcDVHWWFKeEpyTGc&b64e=2&sign=d20a55ec26447b9ff9528421e4897249&keyno=0&cst=AiuY0DBWFJ7IXge4WdYJQYpgPUyh7uQle_qW9MJoUl8IDhvNjSXE6Xj569u4sqx7XRgL8QkGZ7t1w638DZrqQturQeBeIVcMZfW2iEPXheMk2hwUin6_TnixmbO_kYnQWm4J5vNe8cI1rbhVWRCVhWxn-9YLWsQo&ref=orjY4mGPRjk5boDnW0uvlrrd71vZw9kp5uQozpMtKCWLmUMpz38pRKlfyOLZ87N_JKGmL_947lpeQM8-H0I9wmoqhBbMFyAYdVhUhXwXTSNQWSBV9RmNXe3-Q1k4g8Un&l10n=ru&cts=1516742144444&mc=5.7643571669" "Mozilla/5.0 (compatible; MSIE 10.0; Windows NT 6.2; Trident/6.0; Touch; MAARJS)"
109.63.181.217 - - [24/Jan/2018:01:29:39 +0300] "GET /wp-content/themes/sark-press/fonts/font-awesome/fontawesome-webfont.eot?v=4.0.3 HTTP/1.0" 200 38205 "http://some-blog.ru/trenirovki/kak-ubrat-zhivot/" "Mozilla/5.0 (compatible; MSIE 10.0; Windows NT 6.2; Trident/6.0; Touch; MAARJS)"
87.228.18.98 - - [24/Jan/2018:01:29:39 +0300] "GET /wp-content/plugins/wp-postratings/postratings-css.css?ver=1.82 HTTP/1.0" 200 425 "http://some-blog.ru/zdorove/3-effektivnyx-uprazhneniya-pri-vzdutii-zhivota/" "Mozilla/5.0 (compatible; MSIE 10.0; Windows NT 6.2; Trident/6.0; Touch; MAARJS)"
87.228.18.98 - - [24/Jan/2018:01:29:39 +0300] "GET /wp-content/themes/sark-press/stylesheet/bootstrap-theme.min.css?ver=20121010 HTTP/1.0" 200 1747 "http://some-blog.ru/zdorove/3-effektivnyx-uprazhneniya-pri-vzdutii-zhivota/" "Mozilla/5.0 (compatible; MSIE 10.0; Windows NT 6.2; Trident/6.0; Touch; MAARJS)"
87.228.18.98 - - [24/Jan/2018:01:29:39 +0300] "GET /wp-content/themes/sark-press/stylesheet/bootstrap.css?ver=20121010 HTTP/1.0" 200 19519 "http://some-blog.ru/zdorove/3-effektivnyx-uprazhneniya-pri-vzdutii-zhivota/" "Mozilla/5.0 (compatible; MSIE 10.0; Windows NT 6.2; Trident/6.0; Touch; MAARJS)"
178.140.207.180 - - [24/Jan/2018:01:29:39 +0300] "GET /wp-content/themes/sark-press/fonts/font-awesome/fontawesome-webfont.eot?v=4.0.3 HTTP/1.0" 200 38205 "http://some-blog.ru/rastyazhka/chto-nuzhno-delat-dlya-uluchsheniya-rezultatov-v-rastyazhke/" "Mozilla/5.0 (compatible; MSIE 10.0; Windows NT 6.1; Trident/6.0; Touch; MALNJS)"
87.228.18.98 - - [24/Jan/2018:01:29:39 +0300] "GET /wp-content/plugins/wp-pagenavi/pagenavi-css.css?ver=2.70 HTTP/1.0" 200 239 "http://some-blog.ru/zdorove/3-effektivnyx-uprazhneniya-pri-vzdutii-zhivota/" "Mozilla/5.0 (compatible; MSIE 10.0; Windows NT 6.2; Trident/6.0; Touch; MAARJS)"
87.228.18.98 - - [24/Jan/2018:01:29:39 +0300] "GET /wp-content/themes/sark-press/style.css?ver=20121010 HTTP/1.0" 200 5078 "http://some-blog.ru/zdorove/3-effektivnyx-uprazhneniya-pri-vzdutii-zhivota/" "Mozilla/5.0 (compatible; MSIE 10.0; Windows NT 6.2; Trident/6.0; Touch; MAARJS)"
87.228.18.98 - - [24/Jan/2018:01:29:39 +0300] "GET /wp-includes/js/jquery/jquery.js?ver=1.12.4 HTTP/1.0" 200 33766 "http://some-blog.ru/zdorove/3-effektivnyx-uprazhneniya-pri-vzdutii-zhivota/" "Mozilla/5.0 (compatible; MSIE 10.0; Windows NT 6.2; Trident/6.0; Touch; MAARJS)"
87.228.18.98 - - [24/Jan/2018:01:29:39 +0300] "GET /wp-content/plugins/q2w3-fixed-widget/js/q2w3-fixed-widget.min.js?ver=4.0.5 HTTP/1.0" 200 805 "http://some-blog.ru/zdorove/3-effektivnyx-uprazhneniya-pri-vzdutii-zhivota/" "Mozilla/5.0 (compatible; MSIE 10.0; Windows NT 6.2; Trident/6.0; Touch; MAARJS)"
87.228.18.98 - - [24/Jan/2018:01:29:39 +0300] "GET /wp-content/themes/sark-press/javascript/sarkpress_script.js HTTP/1.0" 200 137 "http://some-blog.ru/zdorove/3-effektivnyx-uprazhneniya-pri-vzdutii-zhivota/" "Mozilla/5.0 (compatible; MSIE 10.0; Windows NT 6.2; Trident/6.0; Touch; MAARJS)"
87.228.18.98 - - [24/Jan/2018:01:29:40 +0300] "GET /wp-includes/js/wp-emoji-release.min.js?ver=4.6.1 HTTP/1.0" 200 4012 "http://some-blog.ru/zdorove/3-effektivnyx-uprazhneniya-pri-vzdutii-zhivota/" "Mozilla/5.0 (compatible; MSIE 10.0; Windows NT 6.2; Trident/6.0; Touch; MAARJS)"
87.228.18.98 - - [24/Jan/2018:01:29:40 +0300] "GET /wp-content/themes/sark-press/stylesheet/font-awesome.min.css?ver=20121010 HTTP/1.0" 200 4015 "http://some-blog.ru/zdorove/3-effektivnyx-uprazhneniya-pri-vzdutii-zhivota/" "Mozilla/5.0 (compatible; MSIE 10.0; Windows NT 6.2; Trident/6.0; Touch; MAARJS)"
87.228.18.98 - - [24/Jan/2018:01:30:12 +0300] "GET /wp-content/themes/sark-press/fonts/font-awesome/fontawesome-webfont.eot?v=4.0.3 HTTP/1.0" 200 38205 "http://some-blog.ru/zdorove/3-effektivnyx-uprazhneniya-pri-vzdutii-zhivota/" "Mozilla/5.0 (compatible; MSIE 10.0; Windows NT 6.2; Trident/6.0; Touch; MAARJS)"
165.227.136.203 - - [24/Jan/2018:01:30:13 +0300] "GET /trenirovki/kak-sest-na-shpagat-v-domashnix-usloviyax-uprazhneniya/ HTTP/1.0" 200 22084 "https://www.google.com.ua/" "Mozilla/5.0 (iPhone; CPU iPhone OS 11_2_2 like Mac OS X) AppleWebKit/604.4.7 (KHTML, like Gecko) Version/11.0 Mobile/15C202 Safari/604.1"
77.221.130.34 - - [24/Jan/2018:01:30:18 +0300] "POST /wp-cron.php?doing_wp_cron=1516746617.9396219253540039062500 HTTP/1.1" 403 1450 "http://some-blog.ru/wp-cron.php?doing_wp_cron=1516746617.9396219253540039062500" "WordPress/4.6.1; http://some-blog.ru/"
165.227.136.203 - - [24/Jan/2018:01:30:17 +0300] "GET /trenirovki/kak-sest-na-shpagat-v-domashnix-usloviyax-uprazhneniya/?cf_action=sync_comments&post_id=402 HTTP/1.0" 200 172 "http://some-blog.ru/trenirovki/kak-sest-na-shpagat-v-domashnix-usloviyax-uprazhneniya/" "Mozilla/5.0 (iPhone; CPU iPhone OS 11_2_2 like Mac OS X) AppleWebKit/604.4.7 (KHTML, like Gecko) Version/11.0 Mobile/15C202 Safari/604.1"
46.254.21.18 - - [24/Jan/2018:01:31:20 +0300] "GET /trenirovki/kak-sest-na-shpagat-v-domashnix-usloviyax-uprazhneniya/ HTTP/1.0" 200 96927 "-" "Mozilla/4.0 (compatible; MSIE 8.0; Windows NT 6.1; Trident/4.0; SLCC2; .NET CLR 2.0.50727; .NET CLR 3.5.30729; .NET CLR 3.0.30729; Media Center PC 6.0; InfoPath.2)"
80.151.125.37 - - [24/Jan/2018:01:32:45 +0300] "GET /rastyazhka/chto-nuzhno-delat-dlya-uluchsheniya-rezultatov-v-rastyazhke/ HTTP/1.0" 200 12275 "http://some-blog.ru/trenirovki/kak-sest-na-shpagat-v-domashnix-usloviyax-uprazhneniya/" "Mozilla/5.0 (iPhone; CPU iPhone OS 11_2_2 like Mac OS X) AppleWebKit/604.4.7 (KHTML, like Gecko) Version/11.0 Mobile/15C202 Safari/604.1"
80.151.125.37 - - [24/Jan/2018:01:32:55 +0300] "GET /rastyazhka/chto-nuzhno-delat-dlya-uluchsheniya-rezultatov-v-rastyazhke/?cf_action=sync_comments&post_id=523 HTTP/1.0" 200 172 "http://some-blog.ru/rastyazhka/chto-nuzhno-delat-dlya-uluchsheniya-rezultatov-v-rastyazhke/" "Mozilla/5.0 (iPhone; CPU iPhone OS 11_2_2 like Mac OS X) AppleWebKit/604.4.7 (KHTML, like Gecko) Version/11.0 Mobile/15C202 Safari/604.1"
2.95.82.219 - - [24/Jan/2018:01:35:15 +0300] "GET /category/rastyazhka/ HTTP/1.0" 200 9849 "https://www.google.ru/" "Mozilla/5.0 (iPhone; CPU iPhone OS 11_0 like Mac OS X) AppleWebKit/604.1.38 (KHTML, like Gecko) Version/11.0 Mobile/15A372 Safari/604.1"
2.95.82.219 - - [24/Jan/2018:01:35:16 +0300] "GET /wp-content/plugins/wp-postratings/postratings-css.css?ver=1.82 HTTP/1.0" 200 425 "http://some-blog.ru/category/rastyazhka/" "Mozilla/5.0 (iPhone; CPU iPhone OS 11_0 like Mac OS X) AppleWebKit/604.1.38 (KHTML, like Gecko) Version/11.0 Mobile/15A372 Safari/604.1"
2.95.82.219 - - [24/Jan/2018:01:35:16 +0300] "GET /wp-content/themes/sark-press/stylesheet/font-awesome.min.css?ver=20121010 HTTP/1.0" 200 4015 "http://some-blog.ru/category/rastyazhka/" "Mozilla/5.0 (iPhone; CPU iPhone OS 11_0 like Mac OS X) AppleWebKit/604.1.38 (KHTML, like Gecko) Version/11.0 Mobile/15A372 Safari/604.1"
2.95.82.219 - - [24/Jan/2018:01:35:16 +0300] "GET /wp-content/themes/sark-press/stylesheet/fonts.css?ver=20121010 HTTP/1.0" 200 279 "http://some-blog.ru/category/rastyazhka/" "Mozilla/5.0 (iPhone; CPU iPhone OS 11_0 like Mac OS X) AppleWebKit/604.1.38 (KHTML, like Gecko) Version/11.0 Mobile/15A372 Safari/604.1"
2.95.82.219 - - [24/Jan/2018:01:35:16 +0300] "GET /wp-content/themes/sark-press/stylesheet/bootstrap-theme.min.css?ver=20121010 HTTP/1.0" 200 1747 "http://some-blog.ru/category/rastyazhka/" "Mozilla/5.0 (iPhone; CPU iPhone OS 11_0 like Mac OS X) AppleWebKit/604.1.38 (KHTML, like Gecko) Version/11.0 Mobile/15A372 Safari/604.1"
2.95.82.219 - - [24/Jan/2018:01:35:16 +0300] "GET /wp-content/themes/sark-press/stylesheet/bootstrap.css?ver=20121010 HTTP/1.0" 200 19519 "http://some-blog.ru/category/rastyazhka/" "Mozilla/5.0 (iPhone; CPU iPhone OS 11_0 like Mac OS X) AppleWebKit/604.1.38 (KHTML, like Gecko) Version/11.0 Mobile/15A372 Safari/604.1"
2.95.82.219 - - [24/Jan/2018:01:35:16 +0300] "GET /wp-content/plugins/extended-categories-widget/4.2/css/avh-ec.widget.css?ver=3.10.0-dev.1 HTTP/1.0" 200 121 "http://some-blog.ru/category/rastyazhka/" "Mozilla/5.0 (iPhone; CPU iPhone OS 11_0 like Mac OS X) AppleWebKit/604.1.38 (KHTML, like Gecko) Version/11.0 Mobile/15A372 Safari/604.1"
2.95.82.219 - - [24/Jan/2018:01:35:16 +0300] "GET /wp-content/plugins/wp-pagenavi/pagenavi-css.css?ver=2.70 HTTP/1.0" 200 239 "http://some-blog.ru/category/rastyazhka/" "Mozilla/5.0 (iPhone; CPU iPhone OS 11_0 like Mac OS X) AppleWebKit/604.1.38 (KHTML, like Gecko) Version/11.0 Mobile/15A372 Safari/604.1"
2.95.82.219 - - [24/Jan/2018:01:35:16 +0300] "GET /wp-content/themes/sark-press/style.css?ver=20121010 HTTP/1.0" 200 5078 "http://some-blog.ru/category/rastyazhka/" "Mozilla/5.0 (iPhone; CPU iPhone OS 11_0 like Mac OS X) AppleWebKit/604.1.38 (KHTML, like Gecko) Version/11.0 Mobile/15A372 Safari/604.1"
2.95.82.219 - - [24/Jan/2018:01:35:16 +0300] "GET /wp-includes/js/jquery/jquery-migrate.min.js?ver=1.4.1 HTTP/1.0" 200 4014 "http://some-blog.ru/category/rastyazhka/" "Mozilla/5.0 (iPhone; CPU iPhone OS 11_0 like Mac OS X) AppleWebKit/604.1.38 (KHTML, like Gecko) Version/11.0 Mobile/15A372 Safari/604.1"
2.95.82.219 - - [24/Jan/2018:01:35:16 +0300] "GET /wp-content/plugins/q2w3-fixed-widget/js/q2w3-fixed-widget.min.js?ver=4.0.5 HTTP/1.0" 200 805 "http://some-blog.ru/category/rastyazhka/" "Mozilla/5.0 (iPhone; CPU iPhone OS 11_0 like Mac OS X) AppleWebKit/604.1.38 (KHTML, like Gecko) Version/11.0 Mobile/15A372 Safari/604.1"
2.95.82.219 - - [24/Jan/2018:01:35:16 +0300] "GET /wp-includes/js/jquery/jquery.js?ver=1.12.4 HTTP/1.0" 200 33766 "http://some-blog.ru/category/rastyazhka/" "Mozilla/5.0 (iPhone; CPU iPhone OS 11_0 like Mac OS X) AppleWebKit/604.1.38 (KHTML, like Gecko) Version/11.0 Mobile/15A372 Safari/604.1"
2.95.82.219 - - [24/Jan/2018:01:35:16 +0300] "GET /wp-content/themes/sark-press/javascript/bootstrap.min.js HTTP/1.0" 200 7679 "http://some-blog.ru/category/rastyazhka/" "Mozilla/5.0 (iPhone; CPU iPhone OS 11_0 like Mac OS X) AppleWebKit/604.1.38 (KHTML, like Gecko) Version/11.0 Mobile/15A372 Safari/604.1"
2.95.82.219 - - [24/Jan/2018:01:35:16 +0300] "GET /wp-content/themes/sark-press/javascript/sarkpress_script.js HTTP/1.0" 200 137 "http://some-blog.ru/category/rastyazhka/" "Mozilla/5.0 (iPhone; CPU iPhone OS 11_0 like Mac OS X) AppleWebKit/604.1.38 (KHTML, like Gecko) Version/11.0 Mobile/15A372 Safari/604.1"
2.95.82.219 - - [24/Jan/2018:01:35:16 +0300] "GET /wp-content/plugins/wp-postratings/postratings-js.js?ver=1.82 HTTP/1.0" 200 752 "http://some-blog.ru/category/rastyazhka/" "Mozilla/5.0 (iPhone; CPU iPhone OS 11_0 like Mac OS X) AppleWebKit/604.1.38 (KHTML, like Gecko) Version/11.0 Mobile/15A372 Safari/604.1"
2.95.82.219 - - [24/Jan/2018:01:35:16 +0300] "GET /wp-includes/js/wp-embed.min.js?ver=4.6.1 HTTP/1.0" 200 750 "http://some-blog.ru/category/rastyazhka/" "Mozilla/5.0 (iPhone; CPU iPhone OS 11_0 like Mac OS X) AppleWebKit/604.1.38 (KHTML, like Gecko) Version/11.0 Mobile/15A372 Safari/604.1"
2.95.82.219 - - [24/Jan/2018:01:35:16 +0300] "GET /wp-content/plugins/wp-postratings/images/stars/rating_over.gif HTTP/1.0" 200 920 "http://some-blog.ru/category/rastyazhka/" "Mozilla/5.0 (iPhone; CPU iPhone OS 11_0 like Mac OS X) AppleWebKit/604.1.38 (KHTML, like Gecko) Version/11.0 Mobile/15A372 Safari/604.1"
2.95.82.219 - - [24/Jan/2018:01:35:16 +0300] "GET /wp-content/themes/sark-press/fonts/font-awesome/fontawesome-webfont.woff?v=4.0.3 HTTP/1.0" 200 44432 "http://some-blog.ru/category/rastyazhka/" "Mozilla/5.0 (iPhone; CPU iPhone OS 11_0 like Mac OS X) AppleWebKit/604.1.38 (KHTML, like Gecko) Version/11.0 Mobile/15A372 Safari/604.1"
66.249.90.117 - - [24/Jan/2018:01:35:17 +0300] "GET /category/rastyazhka/ HTTP/1.0" 200 9849 "-" "Mediapartners-Google"
2.95.82.219 - - [24/Jan/2018:01:35:42 +0300] "GET /rastyazhka/kak-vypolnyat-uprazhneniya-na-rastyazhku-effektivnee/ HTTP/1.0" 200 13829 "http://some-blog.ru/category/rastyazhka/" "Mozilla/5.0 (iPhone; CPU iPhone OS 11_0 like Mac OS X) AppleWebKit/604.1.38 (KHTML, like Gecko) Version/11.0 Mobile/15A372 Safari/604.1"
2.95.82.219 - - [24/Jan/2018:01:35:42 +0300] "GET /wp-content/plugins/wp-postratings/images/stars/rating_on.gif HTTP/1.0" 200 523 "http://some-blog.ru/rastyazhka/kak-vypolnyat-uprazhneniya-na-rastyazhku-effektivnee/" "Mozilla/5.0 (iPhone; CPU iPhone OS 11_0 like Mac OS X) AppleWebKit/604.1.38 (KHTML, like Gecko) Version/11.0 Mobile/15A372 Safari/604.1"
2.95.82.219 - - [24/Jan/2018:01:35:42 +0300] "GET /wp-content/plugins/wp-postratings/images/loading.gif HTTP/1.0" 200 771 "http://some-blog.ru/rastyazhka/kak-vypolnyat-uprazhneniya-na-rastyazhku-effektivnee/" "Mozilla/5.0 (iPhone; CPU iPhone OS 11_0 like Mac OS X) AppleWebKit/604.1.38 (KHTML, like Gecko) Version/11.0 Mobile/15A372 Safari/604.1"
2.95.82.219 - - [24/Jan/2018:01:35:42 +0300] "GET /wp-includes/js/comment-reply.min.js?ver=4.6.1 HTTP/1.0" 200 589 "http://some-blog.ru/rastyazhka/kak-vypolnyat-uprazhneniya-na-rastyazhku-effektivnee/" "Mozilla/5.0 (iPhone; CPU iPhone OS 11_0 like Mac OS X) AppleWebKit/604.1.38 (KHTML, like Gecko) Version/11.0 Mobile/15A372 Safari/604.1"
